Java HotSpot(TM) 64-Bit Server VM (25.102-b14) for windows-amd64 JRE (1.8.0_102-b14), built on Jun 22 2016 13:15:21 by "java_re" with MS VC++ 10.0 (VS2010)
Memory: 4k page, physical 8297840k(3776948k free), swap 16686448k(10775368k free)
CommandLine flags: -XX:GCLogFileSize=20971520 -XX:InitialHeapSize=268435456 -XX:MaxHeapSize=805306368 -XX:NumberOfGCLogFiles=5 -XX:-OmitStackTraceInFastThrow -XX:+PrintGC -XX:+PrintGCCause -XX:+PrintGCDateStamps -XX:+PrintGCDetails -XX:+PrintGCTimeStamps -XX:+UseCompressedClassPointers -XX:+UseCompressedOops -XX:+UseGCLogFileRotation -XX:-UseLargePagesIndividualAllocation -XX:+UseParallelGC 
2018-06-14T10:32:41.865+0530: 1.204: [GC (Allocation Failure) [PSYoungGen: 65536K->10743K(76288K)] 65536K->12220K(251392K), 0.0171626 secs] [Times: user=0.06 sys=0.00, real=0.02 secs] 
2018-06-14T10:32:42.116+0530: 1.455: [GC (Allocation Failure) [PSYoungGen: 76279K->9120K(141824K)] 77756K->10678K(316928K), 0.0110258 secs] [Times: user=0.05 sys=0.00, real=0.01 secs] 
2018-06-14T10:32:42.967+0530: 2.305: [GC (Allocation Failure) [PSYoungGen: 140192K->10730K(141824K)] 141750K->18365K(316928K), 0.0184430 secs] [Times: user=0.09 sys=0.00, real=0.02 secs] 
2018-06-14T10:32:43.441+0530: 2.780: [GC (Allocation Failure) [PSYoungGen: 141802K->10749K(251392K)] 149437K->20807K(426496K), 0.0121740 secs] [Times: user=0.02 sys=0.00, real=0.01 secs] 
2018-06-14T10:32:44.281+0530: 3.620: [GC (Allocation Failure) [PSYoungGen: 251389K->10743K(251392K)] 261447K->25389K(426496K), 0.0202392 secs] [Times: user=0.06 sys=0.00, real=0.02 secs] 
2018-06-14T10:32:45.425+0530: 4.764: [GC (Allocation Failure) [PSYoungGen: 251383K->10736K(235008K)] 266029K->30156K(410112K), 0.0195019 secs] [Times: user=0.06 sys=0.00, real=0.02 secs] 
2018-06-14T10:32:46.395+0530: 5.733: [GC (Allocation Failure) [PSYoungGen: 234992K->16183K(240640K)] 254412K->41267K(415744K), 0.0215350 secs] [Times: user=0.06 sys=0.00, real=0.02 secs] 
2018-06-14T10:32:47.004+0530: 6.343: [GC (Metadata GC Threshold) [PSYoungGen: 125931K->9930K(242688K)] 151014K->36369K(417792K), 0.0120175 secs] [Times: user=0.02 sys=0.00, real=0.01 secs] 
2018-06-14T10:32:47.016+0530: 6.355: [Full GC (Metadata GC Threshold) [PSYoungGen: 9930K->0K(242688K)] [ParOldGen: 26439K->22929K(175104K)] 36369K->22929K(417792K), [Metaspace: 20670K->20670K(1069056K)], 0.0729651 secs] [Times: user=0.19 sys=0.00, real=0.07 secs] 
2018-06-14T10:32:47.993+0530: 7.331: [GC (Allocation Failure) [PSYoungGen: 223232K->12457K(236032K)] 246161K->35394K(411136K), 0.0087738 secs] [Times: user=0.06 sys=0.00, real=0.01 secs] 
2018-06-14T10:32:49.550+0530: 8.888: [GC (Allocation Failure) [PSYoungGen: 235689K->18411K(240128K)] 258626K->41356K(415232K), 0.0129023 secs] [Times: user=0.02 sys=0.00, real=0.01 secs] 
2018-06-14T10:32:49.648+0530: 8.986: [GC (System.gc()) [PSYoungGen: 33126K->288K(221696K)] 56071K->39104K(396800K), 0.0140882 secs] [Times: user=0.06 sys=0.00, real=0.02 secs] 
2018-06-14T10:32:49.663+0530: 9.000: [Full GC (System.gc()) [PSYoungGen: 288K->0K(221696K)] [ParOldGen: 38816K->34739K(175104K)] 39104K->34739K(396800K), [Metaspace: 32253K->32253K(1079296K)], 0.1621875 secs] [Times: user=0.53 sys=0.00, real=0.16 secs] 
2018-06-14T10:32:50.804+0530: 10.143: [GC (Allocation Failure) [PSYoungGen: 221184K->5521K(239104K)] 255923K->40268K(414208K), 0.0055800 secs] [Times: user=0.00 sys=0.00, real=0.01 secs] 
2018-06-14T10:32:51.833+0530: 11.171: [GC (Allocation Failure) [PSYoungGen: 222609K->6673K(239616K)] 257356K->45547K(414720K), 0.0101251 secs] [Times: user=0.00 sys=0.00, real=0.01 secs] 
2018-06-14T10:32:52.805+0530: 12.143: [GC (Allocation Failure) [PSYoungGen: 223761K->5345K(239616K)] 262635K->49675K(414720K), 0.0094050 secs] [Times: user=0.00 sys=0.06, real=0.01 secs] 
2018-06-14T10:32:53.038+0530: 12.376: [GC (Metadata GC Threshold) [PSYoungGen: 77101K->1599K(239616K)] 121430K->50331K(414720K), 0.0051913 secs] [Times: user=0.00 sys=0.00, real=0.00 secs] 
2018-06-14T10:32:53.043+0530: 12.381: [Full GC (Metadata GC Threshold) [PSYoungGen: 1599K->0K(239616K)] [ParOldGen: 48732K->43948K(201216K)] 50331K->43948K(440832K), [Metaspace: 54289K->54289K(1097728K)], 0.1478277 secs] [Times: user=0.53 sys=0.00, real=0.15 secs] 
2018-06-14T10:32:55.087+0530: 14.424: [GC (Allocation Failure) [PSYoungGen: 217600K->10376K(238592K)] 261548K->54332K(439808K), 0.0099767 secs] [Times: user=0.03 sys=0.00, real=0.01 secs] 
2018-06-14T10:32:55.905+0530: 15.243: [GC (Allocation Failure) [PSYoungGen: 227976K->13372K(239104K)] 271932K->57336K(440320K), 0.0161713 secs] [Times: user=0.06 sys=0.00, real=0.02 secs] 
2018-06-14T10:32:56.842+0530: 16.179: [GC (Allocation Failure) [PSYoungGen: 230972K->13766K(239616K)] 274936K->57738K(440832K), 0.0118323 secs] [Times: user=0.06 sys=0.00, real=0.01 secs] 
2018-06-14T10:32:59.121+0530: 18.458: [GC (Allocation Failure) [PSYoungGen: 231878K->21997K(240128K)] 275850K->66321K(441344K), 0.0245559 secs] [Times: user=0.08 sys=0.00, real=0.02 secs] 
2018-06-14T10:33:00.467+0530: 19.804: [GC (Allocation Failure) [PSYoungGen: 240109K->17755K(231936K)] 284433K->68489K(433152K), 0.0308052 secs] [Times: user=0.11 sys=0.00, real=0.03 secs] 
2018-06-14T10:33:01.289+0530: 20.627: [GC (Allocation Failure) [PSYoungGen: 227675K->25544K(235520K)] 278409K->76285K(436736K), 0.0226725 secs] [Times: user=0.06 sys=0.00, real=0.02 secs] 
2018-06-14T10:33:02.026+0530: 21.363: [GC (Allocation Failure) [PSYoungGen: 235464K->26615K(220160K)] 286205K->81497K(421376K), 0.0336205 secs] [Times: user=0.13 sys=0.00, real=0.03 secs] 
2018-06-14T10:33:02.649+0530: 21.987: [GC (Allocation Failure) [PSYoungGen: 220151K->24100K(218112K)] 275033K->88451K(419328K), 0.0339677 secs] [Times: user=0.13 sys=0.00, real=0.03 secs] 
2018-06-14T10:33:02.858+0530: 22.196: [GC (Allocation Failure) [PSYoungGen: 217636K->10510K(227328K)] 281987K->83375K(428544K), 0.0191444 secs] [Times: user=0.08 sys=0.00, real=0.02 secs] 
2018-06-14T10:33:03.627+0530: 22.964: [GC (Allocation Failure) [PSYoungGen: 201998K->10142K(201728K)] 274863K->92745K(402944K), 0.0269794 secs] [Times: user=0.05 sys=0.02, real=0.03 secs] 
2018-06-14T10:33:05.069+0530: 24.406: [GC (Allocation Failure) [PSYoungGen: 201630K->13321K(226816K)] 284233K->102326K(428032K), 0.0338014 secs] [Times: user=0.09 sys=0.00, real=0.03 secs] 
2018-06-14T10:33:06.687+0530: 26.024: [GC (Allocation Failure) [PSYoungGen: 206345K->1632K(225280K)] 295350K->99050K(426496K), 0.0204269 secs] [Times: user=0.13 sys=0.00, real=0.02 secs] 
2018-06-14T10:33:08.264+0530: 27.601: [GC (Allocation Failure) [PSYoungGen: 194656K->6650K(229376K)] 292074K->105424K(430592K), 0.0135862 secs] [Times: user=0.06 sys=0.00, real=0.01 secs] 
2018-06-14T10:33:13.082+0530: 32.418: [GC (Allocation Failure) [PSYoungGen: 203258K->16725K(228864K)] 302032K->119096K(430080K), 0.0482394 secs] [Times: user=0.11 sys=0.00, real=0.05 secs] 
2018-06-14T10:33:14.670+0530: 34.006: [GC (Allocation Failure) [PSYoungGen: 213333K->26036K(225280K)] 315704K->128415K(426496K), 0.0895979 secs] [Times: user=0.16 sys=0.00, real=0.09 secs] 
2018-06-14T10:33:15.386+0530: 34.722: [GC (Allocation Failure) [PSYoungGen: 219572K->7805K(227840K)] 321951K->129019K(429056K), 0.0444974 secs] [Times: user=0.09 sys=0.01, real=0.04 secs] 
2018-06-14T10:33:15.664+0530: 35.000: [GC (GCLocker Initiated GC) [PSYoungGen: 71741K->3559K(226304K)] 192955K->126733K(427520K), 0.0089743 secs] [Times: user=0.00 sys=0.00, real=0.01 secs] 
2018-06-14T10:33:15.787+0530: 35.123: [GC (GCLocker Initiated GC) [PSYoungGen: 38710K->1889K(227328K)] 161884K->126142K(428544K), 0.0076858 secs] [Times: user=0.00 sys=0.00, real=0.01 secs] 
2018-06-14T10:33:16.183+0530: 35.519: [GC (Metadata GC Threshold) [PSYoungGen: 123781K->7360K(225792K)] 248034K->131758K(427008K), 0.0124255 secs] [Times: user=0.05 sys=0.00, real=0.01 secs] 
2018-06-14T10:33:16.195+0530: 35.532: [Full GC (Metadata GC Threshold) [PSYoungGen: 7360K->0K(225792K)] [ParOldGen: 124398K->116562K(312832K)] 131758K->116562K(538624K), [Metaspace: 88259K->88238K(1130496K)], 0.4529283 secs] [Times: user=1.42 sys=0.00, real=0.45 secs] 
2018-06-14T10:33:17.200+0530: 36.537: [GC (Allocation Failure) [PSYoungGen: 195584K->9730K(227328K)] 312146K->126300K(540160K), 0.0124285 secs] [Times: user=0.06 sys=0.00, real=0.01 secs] 
2018-06-14T10:33:17.780+0530: 37.116: [GC (Allocation Failure) [PSYoungGen: 205314K->8419K(227328K)] 321884K->129664K(540160K), 0.0174415 secs] [Times: user=0.05 sys=0.00, real=0.02 secs] 
2018-06-14T10:33:18.214+0530: 37.550: [GC (Allocation Failure) [PSYoungGen: 208611K->2889K(228864K)] 329856K->124918K(541696K), 0.0074532 secs] [Times: user=0.01 sys=0.00, real=0.01 secs] 
2018-06-14T10:33:21.366+0530: 40.702: [GC (Allocation Failure) [PSYoungGen: 203081K->19295K(229888K)] 325110K->142540K(542720K), 0.0256700 secs] [Times: user=0.06 sys=0.00, real=0.03 secs] 
2018-06-14T10:33:22.781+0530: 42.117: [GC (Allocation Failure) [PSYoungGen: 221023K->16923K(231936K)] 344268K->145495K(544768K), 0.0541038 secs] [Times: user=0.16 sys=0.00, real=0.06 secs] 
2018-06-14T10:33:23.672+0530: 43.007: [GC (Allocation Failure) [PSYoungGen: 218651K->5736K(230912K)] 347223K->138346K(543744K), 0.0254057 secs] [Times: user=0.09 sys=0.00, real=0.03 secs] 
2018-06-14T10:33:25.119+0530: 44.454: [GC (Allocation Failure) [PSYoungGen: 207464K->18163K(231424K)] 340074K->151797K(544256K), 0.0123135 secs] [Times: user=0.02 sys=0.00, real=0.01 secs] 
2018-06-14T10:33:27.554+0530: 46.890: [GC (Allocation Failure) [PSYoungGen: 219891K->8786K(230912K)] 353525K->146889K(543744K), 0.0176946 secs] [Times: user=0.05 sys=0.01, real=0.02 secs] 
2018-06-14T10:33:28.792+0530: 48.127: [GC (GCLocker Initiated GC) [PSYoungGen: 211026K->17646K(231424K)] 349129K->155756K(544256K), 0.0253522 secs] [Times: user=0.11 sys=0.00, real=0.02 secs] 
2018-06-14T10:33:29.601+0530: 48.936: [GC (Allocation Failure) [PSYoungGen: 219886K->19440K(230400K)] 358005K->157567K(543232K), 0.0313496 secs] [Times: user=0.11 sys=0.00, real=0.03 secs] 
2018-06-14T10:33:30.615+0530: 49.950: [GC (Allocation Failure) [PSYoungGen: 220144K->30708K(231424K)] 358271K->175590K(544256K), 0.0422446 secs] [Times: user=0.13 sys=0.00, real=0.04 secs] 
2018-06-14T10:33:32.005+0530: 51.341: [GC (Allocation Failure) [PSYoungGen: 231412K->22517K(216064K)] 376294K->181744K(528896K), 0.0374151 secs] [Times: user=0.13 sys=0.00, real=0.04 secs] 
2018-06-14T10:33:32.925+0530: 52.260: [GC (Allocation Failure) [PSYoungGen: 207861K->10124K(223744K)] 367088K->189177K(536576K), 0.0338878 secs] [Times: user=0.09 sys=0.00, real=0.03 secs] 
2018-06-14T10:33:33.600+0530: 52.934: [GC (Allocation Failure) [PSYoungGen: 195468K->7259K(220672K)] 374521K->192420K(533504K), 0.0203401 secs] [Times: user=0.06 sys=0.00, real=0.02 secs] 
2018-06-14T10:33:34.641+0530: 53.976: [GC (Allocation Failure) [PSYoungGen: 193627K->11626K(222720K)] 378788K->202281K(535552K), 0.0233020 secs] [Times: user=0.09 sys=0.00, real=0.02 secs] 
2018-06-14T10:33:35.319+0530: 54.654: [GC (Allocation Failure) [PSYoungGen: 197994K->9717K(222208K)] 388649K->208841K(535040K), 0.0250661 secs] [Times: user=0.06 sys=0.00, real=0.03 secs] 
2018-06-14T10:33:35.779+0530: 55.115: [GC (Metadata GC Threshold) [PSYoungGen: 124499K->7800K(224256K)] 323624K->214212K(537088K), 0.0255498 secs] [Times: user=0.09 sys=0.00, real=0.03 secs] 
2018-06-14T10:33:35.805+0530: 55.140: [Full GC (Metadata GC Threshold) [PSYoungGen: 7800K->0K(224256K)] [ParOldGen: 206411K->186818K(430592K)] 214212K->186818K(654848K), [Metaspace: 141249K->141249K(1181696K)], 0.7657288 secs] [Times: user=2.56 sys=0.02, real=0.77 secs] 
2018-06-14T10:33:37.231+0530: 56.565: [GC (Allocation Failure) [PSYoungGen: 190976K->11560K(224256K)] 377794K->198386K(654848K), 0.0181428 secs] [Times: user=0.06 sys=0.00, real=0.02 secs] 
2018-06-14T10:33:37.973+0530: 57.308: [GC (Allocation Failure) [PSYoungGen: 207656K->9592K(226816K)] 394482K->205186K(657408K), 0.0236288 secs] [Times: user=0.06 sys=0.00, real=0.02 secs] 
2018-06-14T10:33:38.589+0530: 57.923: [GC (Allocation Failure) [PSYoungGen: 205688K->8635K(228352K)] 401282K->211534K(658944K), 0.0262930 secs] [Times: user=0.09 sys=0.00, real=0.03 secs] 
2018-06-14T10:33:39.581+0530: 58.916: [GC (Allocation Failure) [PSYoungGen: 210363K->12431K(230400K)] 413262K->221741K(660992K), 0.0246325 secs] [Times: user=0.06 sys=0.00, real=0.02 secs] 
2018-06-14T10:33:41.968+0530: 61.303: [GC (Allocation Failure) [PSYoungGen: 214159K->12628K(230912K)] 423469K->231548K(661504K), 0.0369570 secs] [Times: user=0.16 sys=0.02, real=0.04 secs] 
2018-06-14T10:33:43.180+0530: 62.515: [GC (Allocation Failure) [PSYoungGen: 218964K->4706K(232448K)] 437884K->234405K(663040K), 0.0228765 secs] [Times: user=0.06 sys=0.00, real=0.02 secs] 
2018-06-14T10:33:44.522+0530: 63.856: [GC (Allocation Failure) [PSYoungGen: 211042K->8353K(234496K)] 440741K->238060K(665088K), 0.0158476 secs] [Times: user=0.03 sys=0.00, real=0.01 secs] 
2018-06-14T10:33:45.571+0530: 64.905: [GC (Allocation Failure) [PSYoungGen: 218785K->11871K(235520K)] 448492K->241578K(666112K), 0.0249695 secs] [Times: user=0.06 sys=0.00, real=0.02 secs] 
2018-06-14T10:33:46.234+0530: 65.569: [GC (Allocation Failure) [PSYoungGen: 222303K->12792K(235008K)] 452010K->242507K(665600K), 0.0227273 secs] [Times: user=0.08 sys=0.00, real=0.02 secs] 
2018-06-14T10:33:47.181+0530: 66.515: [GC (Allocation Failure) [PSYoungGen: 225784K->15810K(236032K)] 455499K->245525K(666624K), 0.0365550 secs] [Times: user=0.13 sys=0.00, real=0.04 secs] 
2018-06-14T10:33:47.719+0530: 67.053: [GC (Allocation Failure) [PSYoungGen: 228802K->13161K(238592K)] 458517K->246529K(669184K), 0.0232922 secs] [Times: user=0.08 sys=0.02, real=0.02 secs] 
2018-06-14T10:33:48.672+0530: 68.007: [GC (Allocation Failure) [PSYoungGen: 228713K->10272K(226304K)] 462081K->249288K(656896K), 0.0247466 secs] [Times: user=0.13 sys=0.00, real=0.03 secs] 
2018-06-14T10:33:50.084+0530: 69.418: [GC (Allocation Failure) [PSYoungGen: 225824K->12139K(238592K)] 464840K->252835K(669184K), 0.0244627 secs] [Times: user=0.06 sys=0.00, real=0.02 secs] 
2018-06-14T10:33:51.397+0530: 70.731: [GC (Allocation Failure) [PSYoungGen: 228715K->21475K(238080K)] 469411K->269603K(668672K), 0.0293285 secs] [Times: user=0.08 sys=0.00, real=0.03 secs] 
2018-06-14T10:33:52.747+0530: 72.080: [GC (Allocation Failure) [PSYoungGen: 238051K->24051K(220672K)] 486179K->281955K(651264K), 0.0477861 secs] [Times: user=0.17 sys=0.00, real=0.05 secs] 
2018-06-14T10:33:53.620+0530: 72.953: [GC (Allocation Failure) [PSYoungGen: 220659K->10735K(229376K)] 478563K->282512K(659968K), 0.0284967 secs] [Times: user=0.08 sys=0.00, real=0.03 secs] 
2018-06-14T10:33:54.281+0530: 73.614: [GC (Allocation Failure) [PSYoungGen: 207343K->2384K(228864K)] 479120K->281939K(659456K), 0.0240799 secs] [Times: user=0.08 sys=0.02, real=0.02 secs] 
2018-06-14T10:33:54.851+0530: 74.184: [GC (Allocation Failure) [PSYoungGen: 199504K->2560K(229376K)] 479059K->283133K(659968K), 0.0120975 secs] [Times: user=0.00 sys=0.00, real=0.01 secs] 
2018-06-14T10:33:55.463+0530: 74.796: [GC (Allocation Failure) [PSYoungGen: 199680K->1364K(229376K)] 480253K->283226K(659968K), 0.0111070 secs] [Times: user=0.03 sys=0.00, real=0.01 secs] 
2018-06-14T10:33:56.373+0530: 75.706: [GC (Allocation Failure) [PSYoungGen: 197972K->11246K(207872K)] 479834K->293383K(638464K), 0.0174064 secs] [Times: user=0.06 sys=0.00, real=0.02 secs] 
2018-06-14T10:33:57.481+0530: 76.814: [GC (GCLocker Initiated GC) [PSYoungGen: 207854K->30689K(219136K)] 489991K->315401K(649728K), 0.0478473 secs] [Times: user=0.17 sys=0.00, real=0.05 secs] 
2018-06-14T10:33:58.465+0530: 77.798: [GC (Allocation Failure) [PSYoungGen: 219105K->17296K(225280K)] 503868K->320229K(655872K), 0.0447442 secs] [Times: user=0.14 sys=0.00, real=0.04 secs] 
2018-06-14T10:33:58.968+0530: 78.301: [GC (Allocation Failure) [PSYoungGen: 205712K->10451K(221184K)] 508645K->326531K(651776K), 0.0371478 secs] [Times: user=0.13 sys=0.02, real=0.06 secs] 
2018-06-14T10:33:59.452+0530: 78.786: [GC (Allocation Failure) [PSYoungGen: 199891K->6629K(223744K)] 515971K->327946K(654336K), 0.0363656 secs] [Times: user=0.09 sys=0.00, real=0.04 secs] 
2018-06-14T10:33:59.863+0530: 79.197: [GC (Allocation Failure) [PSYoungGen: 196069K->11389K(223744K)] 517386K->338056K(654336K), 0.0492033 secs] [Times: user=0.17 sys=0.00, real=0.05 secs] 
2018-06-14T10:34:00.176+0530: 79.509: [GC (Allocation Failure) [PSYoungGen: 205949K->11651K(226304K)] 532618K->347981K(656896K), 0.0453972 secs] [Times: user=0.14 sys=0.00, real=0.05 secs] 
2018-06-14T10:34:00.274+0530: 79.607: [GC (GCLocker Initiated GC) [PSYoungGen: 18937K->352K(229376K)] 355267K->346726K(659968K), 0.0334362 secs] [Times: user=0.08 sys=0.00, real=0.03 secs] 
2018-06-14T10:34:00.653+0530: 79.986: [GC (Allocation Failure) [PSYoungGen: 200544K->11478K(230400K)] 546918K->358065K(660992K), 0.0310067 secs] [Times: user=0.08 sys=0.00, real=0.03 secs] 
2018-06-14T10:34:00.952+0530: 80.285: [GC (Allocation Failure) [PSYoungGen: 211670K->4386K(231424K)] 558257K->361248K(662016K), 0.0357746 secs] [Times: user=0.06 sys=0.02, real=0.04 secs] 
2018-06-14T10:34:01.281+0530: 80.613: [GC (Allocation Failure) [PSYoungGen: 207650K->7610K(231424K)] 564512K->368010K(662016K), 0.0313915 secs] [Times: user=0.11 sys=0.00, real=0.03 secs] 
2018-06-14T10:34:01.657+0530: 80.990: [GC (Allocation Failure) [PSYoungGen: 210874K->18806K(231936K)] 571274K->385231K(662528K), 0.0331445 secs] [Times: user=0.13 sys=0.00, real=0.03 secs] 
2018-06-14T10:34:01.925+0530: 81.258: [GC (Allocation Failure) [PSYoungGen: 223606K->8679K(232960K)] 590031K->391615K(663552K), 0.0372354 secs] [Times: user=0.16 sys=0.00, real=0.04 secs] 
2018-06-14T10:34:02.307+0530: 81.640: [GC (Allocation Failure) [PSYoungGen: 213479K->7757K(231936K)] 596415K->393790K(662528K), 0.0368925 secs] [Times: user=0.09 sys=0.00, real=0.04 secs] 
2018-06-14T10:34:02.626+0530: 81.958: [GC (Allocation Failure) [PSYoungGen: 214605K->8147K(232960K)] 600638K->400322K(663552K), 0.0381566 secs] [Times: user=0.09 sys=0.03, real=0.04 secs] 
2018-06-14T10:34:02.941+0530: 82.274: [GC (Allocation Failure) [PSYoungGen: 214995K->7540K(233984K)] 607170K->406538K(664576K), 0.0413572 secs] [Times: user=0.16 sys=0.00, real=0.04 secs] 
2018-06-14T10:34:03.218+0530: 82.551: [GC (Allocation Failure) [PSYoungGen: 218484K->11208K(235008K)] 617482K->416232K(665600K), 0.0366786 secs] [Times: user=0.08 sys=0.00, real=0.04 secs] 
2018-06-14T10:34:03.581+0530: 82.914: [GC (Allocation Failure) [PSYoungGen: 222152K->8059K(236032K)] 627176K->422368K(666624K), 0.0402598 secs] [Times: user=0.11 sys=0.00, real=0.04 secs] 
2018-06-14T10:34:03.883+0530: 83.215: [GC (Allocation Failure) [PSYoungGen: 223099K->6821K(237056K)] 637408K->427154K(667648K), 0.0264791 secs] [Times: user=0.02 sys=0.00, real=0.03 secs] 
2018-06-14T10:34:03.909+0530: 83.242: [Full GC (Ergonomics) [PSYoungGen: 6821K->0K(237056K)] [ParOldGen: 420332K->331615K(524288K)] 427154K->331615K(761344K), [Metaspace: 191260K->191236K(1228800K)], 1.2222263 secs] [Times: user=4.01 sys=0.03, real=1.22 secs] 
2018-06-14T10:34:05.467+0530: 84.800: [GC (Allocation Failure) [PSYoungGen: 215040K->12312K(239616K)] 546655K->343936K(763904K), 0.0249891 secs] [Times: user=0.08 sys=0.00, real=0.03 secs] 
2018-06-14T10:34:05.748+0530: 85.081: [GC (Allocation Failure) [PSYoungGen: 230936K->5942K(240128K)] 562560K->346833K(764416K), 0.0368484 secs] [Times: user=0.09 sys=0.00, real=0.04 secs] 
2018-06-14T10:34:06.386+0530: 85.719: [GC (Allocation Failure) [PSYoungGen: 224566K->20973K(229888K)] 565457K->368866K(754176K), 0.0384299 secs] [Times: user=0.08 sys=0.00, real=0.04 secs] 
2018-06-14T10:34:07.399+0530: 86.732: [GC (Allocation Failure) [PSYoungGen: 229869K->23969K(232960K)] 577762K->389929K(757248K), 0.0575084 secs] [Times: user=0.14 sys=0.00, real=0.06 secs] 
2018-06-14T10:34:08.116+0530: 87.448: [GC (Allocation Failure) [PSYoungGen: 232865K->23685K(226816K)] 598825K->397523K(751104K), 0.0610327 secs] [Times: user=0.13 sys=0.00, real=0.06 secs] 
2018-06-14T10:34:08.793+0530: 88.126: [GC (Allocation Failure) [PSYoungGen: 221317K->22891K(220672K)] 595155K->404342K(744960K), 0.0636448 secs] [Times: user=0.17 sys=0.00, real=0.06 secs] 
2018-06-14T10:34:09.724+0530: 89.057: [GC (Allocation Failure) [PSYoungGen: 220523K->20758K(227328K)] 601974K->408772K(751616K), 0.0598896 secs] [Times: user=0.11 sys=0.00, real=0.06 secs] 
2018-06-14T10:34:10.669+0530: 90.002: [GC (Allocation Failure) [PSYoungGen: 214294K->12419K(206336K)] 602308K->410319K(730624K), 0.0611088 secs] [Times: user=0.13 sys=0.00, real=0.06 secs] 
2018-06-14T10:34:11.465+0530: 90.797: [GC (Allocation Failure) [PSYoungGen: 205955K->15375K(228352K)] 603855K->421690K(752640K), 0.0518428 secs] [Times: user=0.09 sys=0.00, real=0.05 secs] 
2018-06-14T10:34:12.324+0530: 91.657: [GC (Allocation Failure) [PSYoungGen: 210959K->15809K(226816K)] 617274K->429776K(751104K), 0.0569849 secs] [Times: user=0.11 sys=0.00, real=0.06 secs] 
2018-06-14T10:34:13.535+0530: 92.868: [GC (Allocation Failure) [PSYoungGen: 211393K->16344K(228864K)] 625360K->436226K(753152K), 0.0630264 secs] [Times: user=0.19 sys=0.00, real=0.06 secs] 
2018-06-14T10:34:14.433+0530: 93.765: [GC (Allocation Failure) [PSYoungGen: 215512K->17501K(227840K)] 635394K->440533K(752128K), 0.0555852 secs] [Times: user=0.11 sys=0.00, real=0.05 secs] 
2018-06-14T10:34:15.371+0530: 94.702: [GC (Allocation Failure) [PSYoungGen: 216669K->14571K(232448K)] 639701K->440388K(756736K), 0.0575713 secs] [Times: user=0.16 sys=0.00, real=0.06 secs] 
2018-06-14T10:34:16.266+0530: 95.598: [GC (Allocation Failure) [PSYoungGen: 219371K->14941K(231936K)] 645188K->444313K(756224K), 0.0561031 secs] [Times: user=0.16 sys=0.00, real=0.06 secs] 
2018-06-14T10:34:17.078+0530: 96.409: [GC (Allocation Failure) [PSYoungGen: 219741K->16536K(233984K)] 649113K->449853K(758272K), 0.0532519 secs] [Times: user=0.13 sys=0.00, real=0.05 secs] 
2018-06-14T10:34:17.878+0530: 97.209: [GC (Allocation Failure) [PSYoungGen: 224408K->17970K(233472K)] 657725K->455224K(757760K), 0.0539379 secs] [Times: user=0.17 sys=0.00, real=0.05 secs] 
2018-06-14T10:34:18.612+0530: 97.944: [GC (Allocation Failure) [PSYoungGen: 225842K->24416K(232448K)] 663096K->466928K(756736K), 0.0714298 secs] [Times: user=0.19 sys=0.02, real=0.07 secs] 
2018-06-14T10:34:19.550+0530: 98.882: [GC (Allocation Failure) [PSYoungGen: 231264K->14641K(234496K)] 673776K->472117K(758784K), 0.0660859 secs] [Times: user=0.17 sys=0.00, real=0.07 secs] 
2018-06-14T10:34:20.325+0530: 99.658: [GC (Allocation Failure) [PSYoungGen: 221489K->15934K(231936K)] 678965K->478060K(756224K), 0.0793594 secs] [Times: user=0.22 sys=0.00, real=0.08 secs] 
2018-06-14T10:34:22.180+0530: 101.512: [GC (Allocation Failure) [PSYoungGen: 223286K->10133K(233472K)] 685412K->476323K(757760K), 0.0778840 secs] [Times: user=0.23 sys=0.00, real=0.08 secs] 
2018-06-14T10:34:26.993+0530: 106.325: [GC (Allocation Failure) [PSYoungGen: 217493K->15800K(233984K)] 683683K->488107K(758272K), 0.0880271 secs] [Times: user=0.13 sys=0.00, real=0.09 secs] 
2018-06-14T10:34:32.741+0530: 112.072: [GC (Allocation Failure) [PSYoungGen: 225720K->160K(235008K)] 698027K->472963K(759296K), 0.0790617 secs] [Times: user=0.08 sys=0.00, real=0.08 secs] 
2018-06-14T10:34:56.597+0530: 135.927: [GC (Allocation Failure) [PSYoungGen: 210080K->3472K(233984K)] 682883K->476335K(758272K), 0.0476950 secs] [Times: user=0.09 sys=0.00, real=0.05 secs] 
2018-06-14T10:34:57.210+0530: 136.539: [GC (Allocation Failure) [PSYoungGen: 210320K->4532K(234496K)] 683183K->479157K(758784K), 0.0538768 secs] [Times: user=0.16 sys=0.00, real=0.05 secs] 
2018-06-14T10:34:57.633+0530: 136.962: [GC (Allocation Failure) [PSYoungGen: 211380K->3153K(234496K)] 686005K->481646K(758784K), 0.0560270 secs] [Times: user=0.19 sys=0.00, real=0.06 secs] 
2018-06-14T10:36:09.906+0530: 209.232: [GC (Allocation Failure) [PSYoungGen: 210001K->7069K(214016K)] 688494K->488314K(738304K), 0.0519703 secs] [Times: user=0.06 sys=0.00, real=0.05 secs] 
2018-06-14T10:36:10.964+0530: 210.290: [GC (Allocation Failure) [PSYoungGen: 213917K->4943K(233984K)] 695162K->490918K(758272K), 0.0636080 secs] [Times: user=0.13 sys=0.00, real=0.06 secs] 
2018-06-14T10:36:11.634+0530: 210.960: [GC (Allocation Failure) [PSYoungGen: 212303K->2510K(233472K)] 698278K->491708K(757760K), 0.0634720 secs] [Times: user=0.11 sys=0.00, real=0.06 secs] 
2018-06-14T10:36:12.348+0530: 211.674: [GC (Allocation Failure) [PSYoungGen: 209870K->2017K(235520K)] 699068K->491255K(759808K), 0.0554672 secs] [Times: user=0.08 sys=0.00, real=0.06 secs] 
2018-06-14T10:36:13.398+0530: 212.724: [GC (Allocation Failure) [PSYoungGen: 211937K->1854K(235520K)] 701175K->491171K(759808K), 0.0583226 secs] [Times: user=0.16 sys=0.00, real=0.06 secs] 
2018-06-14T10:36:14.271+0530: 213.598: [GC (Allocation Failure) [PSYoungGen: 211774K->908K(236032K)] 701091K->490265K(760320K), 0.0540987 secs] [Times: user=0.08 sys=0.00, real=0.06 secs] 
2018-06-14T10:36:14.856+0530: 214.181: [GC (Allocation Failure) [PSYoungGen: 212364K->14150K(236032K)] 701721K->503559K(760320K), 0.0584321 secs] [Times: user=0.05 sys=0.00, real=0.06 secs] 
2018-06-14T10:36:15.628+0530: 214.954: [GC (Allocation Failure) [PSYoungGen: 225606K->844K(237056K)] 715015K->490261K(761344K), 0.0502109 secs] [Times: user=0.06 sys=0.00, real=0.05 secs] 
2018-06-14T10:36:16.774+0530: 216.100: [GC (Allocation Failure) [PSYoungGen: 212300K->15416K(227328K)] 701717K->504865K(751616K), 0.0720230 secs] [Times: user=0.14 sys=0.00, real=0.07 secs] 
2018-06-14T10:36:17.701+0530: 217.027: [GC (Allocation Failure) [PSYoungGen: 226872K->6791K(237568K)] 716321K->500420K(761856K), 0.0637077 secs] [Times: user=0.06 sys=0.00, real=0.06 secs] 
2018-06-14T10:36:18.924+0530: 218.249: [GC (Allocation Failure) [PSYoungGen: 218096K->4474K(216064K)] 711725K->500034K(740352K), 0.0591733 secs] [Times: user=0.08 sys=0.00, real=0.06 secs] 
2018-06-14T10:36:36.861+0530: 236.186: [GC (Allocation Failure) [PSYoungGen: 215930K->10321K(235520K)] 711490K->506128K(759808K), 0.0596822 secs] [Times: user=0.06 sys=0.00, real=0.06 secs] 
2018-06-14T10:36:38.222+0530: 237.547: [GC (Allocation Failure) [PSYoungGen: 222289K->5353K(235008K)] 718096K->502919K(759296K), 0.0602360 secs] [Times: user=0.06 sys=0.00, real=0.06 secs] 
2018-06-14T10:36:39.045+0530: 238.371: [GC (Allocation Failure) [PSYoungGen: 217321K->5227K(238080K)] 714887K->506489K(762368K), 0.0586190 secs] [Times: user=0.05 sys=0.00, real=0.06 secs] 
2018-06-14T10:36:39.904+0530: 239.229: [GC (Allocation Failure) [PSYoungGen: 221803K->5165K(237568K)] 723065K->510988K(761856K), 0.0629088 secs] [Times: user=0.09 sys=0.00, real=0.06 secs] 
2018-06-14T10:36:53.159+0530: 252.484: [GC (Allocation Failure) [PSYoungGen: 221741K->4997K(240128K)] 727564K->513894K(764416K), 0.0639416 secs] [Times: user=0.08 sys=0.00, real=0.06 secs] 
2018-06-14T10:37:02.645+0530: 261.970: [GC (Allocation Failure) [PSYoungGen: 225669K->7820K(239616K)] 734566K->517849K(763904K), 0.0547714 secs] [Times: user=0.05 sys=0.02, real=0.06 secs] 
2018-06-14T10:37:04.350+0530: 263.675: [GC (Allocation Failure) [PSYoungGen: 228492K->11831K(241664K)] 738521K->523307K(765952K), 0.0937559 secs] [Times: user=0.27 sys=0.00, real=0.09 secs] 
2018-06-14T10:37:05.126+0530: 264.451: [GC (Allocation Failure) [PSYoungGen: 235063K->773K(242176K)] 746539K->516795K(766464K), 0.0681822 secs] [Times: user=0.19 sys=0.00, real=0.07 secs] 
2018-06-14T10:37:15.401+0530: 274.726: [GC (Allocation Failure) [PSYoungGen: 224005K->481K(243200K)] 740027K->516551K(767488K), 0.0551533 secs] [Times: user=0.09 sys=0.00, real=0.06 secs] 
2018-06-14T10:38:33.482+0530: 352.804: [GC (Allocation Failure) [PSYoungGen: 224737K->1888K(226304K)] 740807K->518069K(750592K), 0.0552153 secs] [Times: user=0.13 sys=0.00, real=0.05 secs] 
2018-06-14T10:39:06.752+0530: 386.073: [GC (Allocation Failure) [PSYoungGen: 226144K->4602K(243712K)] 742325K->522049K(768000K), 0.0548946 secs] [Times: user=0.05 sys=0.00, real=0.05 secs] 
2018-06-14T10:39:06.807+0530: 386.128: [Full GC (Ergonomics) [PSYoungGen: 4602K->0K(243712K)] [ParOldGen: 517446K->453243K(524288K)] 522049K->453243K(768000K), [Metaspace: 225280K->225272K(1261568K)], 1.4644177 secs] [Times: user=4.34 sys=0.00, real=1.46 secs] 
2018-06-14T10:40:06.274+0530: 445.594: [GC (Allocation Failure) [PSYoungGen: 225280K->2421K(242688K)] 678523K->455673K(766976K), 0.0686920 secs] [Times: user=0.09 sys=0.00, real=0.07 secs] 
2018-06-14T10:41:11.682+0530: 511.001: [GC (Allocation Failure) [PSYoungGen: 227701K->3510K(243712K)] 680953K->456770K(768000K), 0.0583936 secs] [Times: user=0.08 sys=0.00, real=0.06 secs] 
2018-06-14T10:41:27.440+0530: 526.758: [GC (Allocation Failure) [PSYoungGen: 230838K->8619K(243200K)] 684098K->461887K(767488K), 0.0641358 secs] [Times: user=0.13 sys=0.00, real=0.06 secs] 
2018-06-14T10:41:28.403+0530: 527.722: [GC (Allocation Failure) [PSYoungGen: 235947K->16355K(236544K)] 689215K->474618K(760832K), 0.0595402 secs] [Times: user=0.11 sys=0.00, real=0.06 secs] 
2018-06-14T10:41:48.384+0530: 547.702: [GC (Allocation Failure) [PSYoungGen: 236515K->10305K(241152K)] 694778K->469991K(765440K), 0.0589282 secs] [Times: user=0.11 sys=0.00, real=0.06 secs] 
2018-06-14T10:42:21.622+0530: 580.940: [GC (Allocation Failure) [PSYoungGen: 230465K->7851K(238080K)] 690151K->467545K(762368K), 0.0700806 secs] [Times: user=0.11 sys=0.01, real=0.07 secs] 
2018-06-14T10:42:44.146+0530: 603.463: [GC (Allocation Failure) [PSYoungGen: 228011K->10452K(239616K)] 687705K->470154K(763904K), 0.0569349 secs] [Times: user=0.05 sys=0.00, real=0.06 secs] 
2018-06-14T10:42:44.640+0530: 603.958: [GC (Allocation Failure) [PSYoungGen: 230612K->14516K(239616K)] 690314K->474226K(763904K), 0.0581580 secs] [Times: user=0.11 sys=0.00, real=0.06 secs] 
2018-06-14T10:42:45.067+0530: 604.384: [GC (Allocation Failure) [PSYoungGen: 234669K->15140K(235520K)] 694379K->477743K(759808K), 0.0643389 secs] [Times: user=0.17 sys=0.00, real=0.06 secs] 
2018-06-14T10:42:45.577+0530: 604.895: [GC (Allocation Failure) [PSYoungGen: 235300K->17103K(236032K)] 697903K->481905K(760320K), 0.0661859 secs] [Times: user=0.16 sys=0.00, real=0.07 secs] 
2018-06-14T10:42:46.079+0530: 605.396: [GC (Allocation Failure) [PSYoungGen: 231119K->14424K(238080K)] 695921K->483506K(762368K), 0.0647212 secs] [Times: user=0.11 sys=0.00, real=0.07 secs] 
2018-06-14T10:42:46.618+0530: 605.936: [GC (Allocation Failure) [PSYoungGen: 228440K->6706K(237056K)] 697522K->482892K(761344K), 0.0591848 secs] [Times: user=0.11 sys=0.00, real=0.06 secs] 
2018-06-14T10:42:47.301+0530: 606.618: [GC (Allocation Failure) [PSYoungGen: 220722K->877K(237568K)] 696908K->481423K(761856K), 0.0502644 secs] [Times: user=0.08 sys=0.00, real=0.05 secs] 
2018-06-14T10:42:48.144+0530: 607.462: [GC (Allocation Failure) [PSYoungGen: 214893K->1528K(238592K)] 695439K->482180K(762880K), 0.0541851 secs] [Times: user=0.14 sys=0.00, real=0.05 secs] 
2018-06-14T10:42:48.839+0530: 608.156: [GC (Allocation Failure) [PSYoungGen: 216568K->651K(238592K)] 697220K->481359K(762880K), 0.0566941 secs] [Times: user=0.09 sys=0.00, real=0.06 secs] 
2018-06-14T10:42:49.488+0530: 608.806: [GC (Allocation Failure) [PSYoungGen: 215691K->2280K(236544K)] 696399K->483003K(760832K), 0.0532023 secs] [Times: user=0.11 sys=0.00, real=0.05 secs] 
2018-06-14T10:42:50.092+0530: 609.410: [GC (Allocation Failure) [PSYoungGen: 217320K->19387K(234496K)] 698043K->502013K(758784K), 0.0676502 secs] [Times: user=0.16 sys=0.00, real=0.07 secs] 
2018-06-14T10:43:37.555+0530: 656.872: [GC (Allocation Failure) [PSYoungGen: 234427K->2882K(237056K)] 717055K->496041K(761344K), 0.0784468 secs] [Times: user=0.14 sys=0.00, real=0.08 secs] 
2018-06-14T10:43:37.639+0530: 656.957: [GC (GCLocker Initiated GC) [PSYoungGen: 4152K->152K(211968K)] 497310K->495604K(736256K), 0.0601953 secs] [Times: user=0.06 sys=0.00, real=0.06 secs] 
2018-06-14T10:44:45.769+0530: 725.085: [GC (Allocation Failure) [PSYoungGen: 211608K->3971K(237568K)] 707060K->499479K(761856K), 0.0520353 secs] [Times: user=0.11 sys=0.00, real=0.05 secs] 
2018-06-14T10:44:46.384+0530: 725.699: [GC (Allocation Failure) [PSYoungGen: 216963K->3761K(236032K)] 712471K->501980K(760320K), 0.0631154 secs] [Times: user=0.13 sys=0.00, real=0.06 secs] 
2018-06-14T10:44:46.829+0530: 726.144: [GC (Allocation Failure) [PSYoungGen: 216753K->3244K(237568K)] 714972K->504259K(761856K), 0.0693548 secs] [Times: user=0.19 sys=0.00, real=0.07 secs] 
2018-06-14T10:44:47.456+0530: 726.772: [GC (Allocation Failure) [PSYoungGen: 218796K->2102K(236544K)] 719811K->504499K(760832K), 0.0575430 secs] [Times: user=0.11 sys=0.00, real=0.06 secs] 
2018-06-14T10:44:47.972+0530: 727.289: [GC (Allocation Failure) [PSYoungGen: 217654K->2405K(240128K)] 720051K->505311K(764416K), 0.0518261 secs] [Times: user=0.11 sys=0.00, real=0.05 secs] 
2018-06-14T10:44:48.602+0530: 727.918: [GC (Allocation Failure) [PSYoungGen: 222565K->2843K(239616K)] 725471K->505773K(763904K), 0.0563037 secs] [Times: user=0.08 sys=0.00, real=0.06 secs] 
2018-06-14T10:44:49.251+0530: 728.568: [GC (Allocation Failure) [PSYoungGen: 223003K->572K(241664K)] 725933K->503518K(765952K), 0.0515285 secs] [Times: user=0.13 sys=0.00, real=0.05 secs] 
2018-06-14T10:44:50.781+0530: 730.097: [GC (Allocation Failure) [PSYoungGen: 223804K->1985K(241152K)] 726750K->504963K(765440K), 0.0548364 secs] [Times: user=0.13 sys=0.00, real=0.06 secs] 
2018-06-14T10:45:12.709+0530: 752.025: [GC (Allocation Failure) [PSYoungGen: 225217K->3202K(243200K)] 728195K->507072K(767488K), 0.0682006 secs] [Times: user=0.14 sys=0.00, real=0.07 secs] 
2018-06-14T10:45:29.738+0530: 769.053: [GC (Allocation Failure) [PSYoungGen: 230018K->1605K(242688K)] 733888K->506471K(766976K), 0.0632347 secs] [Times: user=0.11 sys=0.00, real=0.06 secs] 
2018-06-14T10:45:49.833+0530: 789.148: [GC (Allocation Failure) [PSYoungGen: 228421K->1472K(245760K)] 733287K->506858K(770048K), 0.0514374 secs] [Times: user=0.11 sys=0.00, real=0.05 secs] 
2018-06-14T10:53:46.637+0530: 1265.944: [GC (Allocation Failure) [PSYoungGen: 231872K->2335K(245248K)] 737258K->508433K(769536K), 0.0687403 secs] [Times: user=0.13 sys=0.00, real=0.07 secs] 
2018-06-14T10:54:38.712+0530: 1318.018: [GC (Allocation Failure) [PSYoungGen: 232735K->2397K(246272K)] 738833K->510199K(770560K), 0.0685316 secs] [Times: user=0.08 sys=0.00, real=0.07 secs] 
2018-06-14T10:55:24.318+0530: 1363.623: [GC (Allocation Failure) [PSYoungGen: 235357K->2226K(245760K)] 743159K->511013K(770048K), 0.0543429 secs] [Times: user=0.05 sys=0.00, real=0.05 secs] 
2018-06-14T10:58:40.438+0530: 1559.742: [GC (Allocation Failure) [PSYoungGen: 235186K->3912K(248832K)] 743973K->512707K(773120K), 0.0821520 secs] [Times: user=0.17 sys=0.00, real=0.08 secs] 
2018-06-14T11:01:05.156+0530: 1704.460: [GC (Allocation Failure) [PSYoungGen: 240456K->11771K(248320K)] 749251K->522059K(772608K), 0.0636923 secs] [Times: user=0.09 sys=0.00, real=0.06 secs] 
2018-06-14T11:11:29.937+0530: 2329.236: [GC (Allocation Failure) [PSYoungGen: 248315K->8512K(246272K)] 758603K->520864K(770560K), 0.0946232 secs] [Times: user=0.22 sys=0.00, real=0.09 secs] 
2018-06-14T11:31:55.797+0530: 3555.082: [GC (Allocation Failure) [PSYoungGen: 240960K->9897K(242688K)] 753312K->522249K(766976K), 0.0665255 secs] [Times: user=0.11 sys=0.00, real=0.07 secs] 
2018-06-14T11:34:56.479+0530: 3735.762: [GC (Allocation Failure) [PSYoungGen: 242345K->12885K(242176K)] 754697K->525245K(766464K), 0.0598442 secs] [Times: user=0.09 sys=0.00, real=0.06 secs] 
2018-06-14T12:04:49.438+0530: 5528.724: [GC (Allocation Failure) [PSYoungGen: 239189K->10706K(232448K)] 751549K->523066K(756736K), 0.0856181 secs] [Times: user=0.19 sys=0.00, real=0.09 secs] 
2018-06-14T12:50:07.973+0530: 8247.244: [GC (Allocation Failure) [PSYoungGen: 232402K->11985K(231936K)] 744762K->524353K(756224K), 0.0661915 secs] [Times: user=0.11 sys=0.00, real=0.07 secs] 
2018-06-14T12:52:00.388+0530: 8359.478: [GC (Allocation Failure) [PSYoungGen: 229073K->11207K(224256K)] 741441K->523583K(748544K), 0.1018972 secs] [Times: user=0.25 sys=0.00, real=0.10 secs] 
2018-06-14T13:31:50.576+0530: 10749.222: [GC (Allocation Failure) [PSYoungGen: 224199K->11743K(225280K)] 736575K->524127K(749568K), 0.0712070 secs] [Times: user=0.11 sys=0.00, real=0.07 secs] 
2018-06-14T13:36:00.141+0530: 10998.802: [GC (Allocation Failure) [PSYoungGen: 220639K->15444K(220672K)] 733023K->527828K(744960K), 0.0728595 secs] [Times: user=0.20 sys=0.00, real=0.07 secs] 
2018-06-14T13:36:00.640+0530: 10999.302: [GC (Allocation Failure) [PSYoungGen: 220244K->14855K(225280K)] 732628K->527238K(749568K), 0.0599443 secs] [Times: user=0.11 sys=0.00, real=0.06 secs] 
2018-06-14T13:36:01.121+0530: 10999.783: [GC (Allocation Failure) [PSYoungGen: 218631K->12897K(226304K)] 731014K->530720K(750592K), 0.0660375 secs] [Times: user=0.11 sys=0.00, real=0.07 secs] 
2018-06-14T13:36:01.782+0530: 11000.443: [GC (Allocation Failure) [PSYoungGen: 216673K->22507K(228352K)] 734496K->545933K(752640K), 0.0782689 secs] [Times: user=0.20 sys=0.01, real=0.08 secs] 
2018-06-14T13:36:01.860+0530: 11000.522: [Full GC (Ergonomics) [PSYoungGen: 22507K->0K(228352K)] [ParOldGen: 523426K->454455K(524288K)] 545933K->454455K(752640K), [Metaspace: 249493K->248266K(1284096K)], 2.3133197 secs] [Times: user=7.19 sys=0.05, real=2.31 secs] 
2018-06-14T13:36:05.049+0530: 11003.710: [GC (Allocation Failure) [PSYoungGen: 205824K->1031K(233984K)] 660279K->455487K(758272K), 0.0573091 secs] [Times: user=0.05 sys=0.00, real=0.06 secs] 
2018-06-14T13:40:02.728+0530: 11241.391: [GC (Allocation Failure) [PSYoungGen: 206855K->3932K(232960K)] 661311K->458388K(757248K), 0.0526733 secs] [Times: user=0.05 sys=0.00, real=0.05 secs] 
2018-06-14T13:42:46.386+0530: 11405.049: [GC (Allocation Failure) [PSYoungGen: 209756K->4219K(233472K)] 664212K->458674K(757760K), 0.0548847 secs] [Times: user=0.11 sys=0.00, real=0.05 secs] 
2018-06-14T14:48:02.946+0530: 15321.669: [GC (Allocation Failure) [PSYoungGen: 210043K->4835K(232960K)] 664498K->459299K(757248K), 0.0693373 secs] [Times: user=0.17 sys=0.00, real=0.07 secs] 
2018-06-14T15:22:46.168+0530: 17405.162: [GC (Allocation Failure) [PSYoungGen: 212707K->3756K(233472K)] 667171K->460374K(757760K), 0.0534457 secs] [Times: user=0.11 sys=0.00, real=0.05 secs] 
2018-06-14T15:27:19.663+0530: 17678.657: [GC (Allocation Failure) [PSYoungGen: 211628K->5125K(234496K)] 668246K->461927K(758784K), 0.0695798 secs] [Times: user=0.06 sys=0.02, real=0.07 secs] 
2018-06-14T15:28:16.821+0530: 17735.814: [GC (Allocation Failure) [PSYoungGen: 216581K->9543K(235520K)] 673383K->466354K(759808K), 0.0573061 secs] [Times: user=0.08 sys=0.00, real=0.06 secs] 
2018-06-14T15:28:22.037+0530: 17741.030: [GC (Allocation Failure) [PSYoungGen: 220999K->11643K(237056K)] 677810K->468462K(761344K), 0.0672380 secs] [Times: user=0.11 sys=0.00, real=0.07 secs] 
2018-06-14T15:28:27.751+0530: 17746.745: [GC (Allocation Failure) [PSYoungGen: 226683K->10381K(237568K)] 683502K->467207K(761856K), 0.0864807 secs] [Times: user=0.23 sys=0.00, real=0.09 secs] 
2018-06-14T15:28:33.721+0530: 17752.714: [GC (Allocation Failure) [PSYoungGen: 225421K->10204K(238592K)] 682247K->467039K(762880K), 0.0769962 secs] [Times: user=0.17 sys=0.00, real=0.08 secs] 
2018-06-14T15:28:39.801+0530: 17758.795: [GC (Allocation Failure) [PSYoungGen: 227804K->10158K(239104K)] 684639K->466993K(763392K), 0.0617704 secs] [Times: user=0.05 sys=0.00, real=0.06 secs] 
2018-06-14T15:28:42.003+0530: 17760.996: [GC (Allocation Failure) [PSYoungGen: 227758K->15560K(238592K)] 684593K->472395K(762880K), 0.0714324 secs] [Times: user=0.20 sys=0.00, real=0.07 secs] 
2018-06-14T15:28:42.515+0530: 17761.509: [GC (Allocation Failure) [PSYoungGen: 233672K->19594K(238080K)] 690507K->476429K(762368K), 0.0750367 secs] [Times: user=0.17 sys=0.00, real=0.07 secs] 
2018-06-14T15:28:42.970+0530: 17761.964: [GC (Allocation Failure) [PSYoungGen: 237706K->24042K(226816K)] 694541K->485471K(751104K), 0.0760635 secs] [Times: user=0.17 sys=0.00, real=0.08 secs] 
2018-06-14T15:28:43.344+0530: 17762.337: [GC (Allocation Failure) [PSYoungGen: 226794K->16758K(232448K)] 688223K->481345K(756736K), 0.0751919 secs] [Times: user=0.19 sys=0.00, real=0.07 secs] 
2018-06-14T15:28:43.725+0530: 17762.719: [GC (Allocation Failure) [PSYoungGen: 219510K->12261K(229376K)] 684097K->481634K(753664K), 0.0759886 secs] [Times: user=0.16 sys=0.00, real=0.08 secs] 
2018-06-14T15:28:44.156+0530: 17763.150: [GC (Allocation Failure) [PSYoungGen: 215013K->13225K(230912K)] 684386K->482878K(755200K), 0.0772335 secs] [Times: user=0.19 sys=0.00, real=0.08 secs] 
2018-06-14T15:28:44.502+0530: 17763.496: [GC (Allocation Failure) [PSYoungGen: 215977K->5386K(233984K)] 685630K->481928K(758272K), 0.0702418 secs] [Times: user=0.14 sys=0.00, real=0.07 secs] 
2018-06-14T15:28:44.875+0530: 17763.869: [GC (Allocation Failure) [PSYoungGen: 212746K->3911K(233984K)] 689288K->482129K(758272K), 0.0537142 secs] [Times: user=0.11 sys=0.00, real=0.05 secs] 
2018-06-14T15:28:45.293+0530: 17764.287: [GC (Allocation Failure) [PSYoungGen: 211271K->1979K(235520K)] 689489K->480698K(759808K), 0.0501587 secs] [Times: user=0.05 sys=0.00, real=0.05 secs] 
2018-06-14T15:28:47.604+0530: 17766.597: [GC (Allocation Failure) [PSYoungGen: 210875K->1200K(235520K)] 689594K->480031K(759808K), 0.0622464 secs] [Times: user=0.06 sys=0.00, real=0.06 secs] 
2018-06-14T15:29:04.064+0530: 17783.057: [GC (Allocation Failure) [PSYoungGen: 210096K->1808K(234496K)] 688927K->481187K(758784K), 0.0639848 secs] [Times: user=0.11 sys=0.00, real=0.06 secs] 
2018-06-14T15:29:21.525+0530: 17800.518: [GC (Allocation Failure) [PSYoungGen: 210704K->6826K(235008K)] 690083K->486944K(759296K), 0.0716783 secs] [Times: user=0.06 sys=0.00, real=0.07 secs] 
2018-06-14T15:29:21.849+0530: 17800.842: [GC (Allocation Failure) [PSYoungGen: 215722K->5014K(235008K)] 695840K->487010K(759296K), 0.0675232 secs] [Times: user=0.06 sys=0.00, real=0.07 secs] 
2018-06-14T15:29:22.325+0530: 17801.319: [GC (Allocation Failure) [PSYoungGen: 216470K->5545K(235008K)] 698466K->488598K(759296K), 0.0742100 secs] [Times: user=0.19 sys=0.00, real=0.08 secs] 
2018-06-14T15:29:22.786+0530: 17801.779: [GC (Allocation Failure) [PSYoungGen: 217001K->5041K(237568K)] 700054K->490049K(761856K), 0.0637906 secs] [Times: user=0.06 sys=0.00, real=0.06 secs] 
2018-06-14T15:29:23.351+0530: 17802.345: [GC (Allocation Failure) [PSYoungGen: 221105K->1967K(237568K)] 706113K->488723K(761856K), 0.0567929 secs] [Times: user=0.05 sys=0.00, real=0.06 secs] 
2018-06-14T15:29:23.896+0530: 17802.889: [GC (Allocation Failure) [PSYoungGen: 218031K->1497K(239616K)] 704787K->488441K(763904K), 0.0562883 secs] [Times: user=0.05 sys=0.00, real=0.06 secs] 
2018-06-14T15:29:24.732+0530: 17803.725: [GC (Allocation Failure) [PSYoungGen: 220633K->1972K(240128K)] 707577K->489093K(764416K), 0.0623546 secs] [Times: user=0.13 sys=0.00, real=0.06 secs] 
2018-06-14T15:29:25.355+0530: 17804.348: [GC (Allocation Failure) [PSYoungGen: 221108K->9936K(240128K)] 708229K->498313K(764416K), 0.0570055 secs] [Times: user=0.11 sys=0.00, real=0.06 secs] 
2018-06-14T15:29:26.040+0530: 17805.033: [GC (Allocation Failure) [PSYoungGen: 230096K->517K(240640K)] 718473K->488918K(764928K), 0.0484319 secs] [Times: user=0.05 sys=0.00, real=0.05 secs] 
2018-06-14T15:29:28.172+0530: 17807.166: [GC (Allocation Failure) [PSYoungGen: 220677K->2782K(239616K)] 709078K->491199K(763904K), 0.0472759 secs] [Times: user=0.09 sys=0.00, real=0.05 secs] 
2018-06-14T15:50:01.830+0530: 19040.815: [GC (Allocation Failure) [PSYoungGen: 224477K->3330K(240640K)] 712894K->492975K(764928K), 0.0740941 secs] [Times: user=0.11 sys=0.01, real=0.07 secs] 
2018-06-14T16:03:50.573+0530: 19869.565: [GC (Allocation Failure) [PSYoungGen: 225026K->6410K(242176K)] 714671K->498911K(766464K), 0.0647956 secs] [Times: user=0.11 sys=0.00, real=0.07 secs] 
2018-06-14T16:03:50.965+0530: 19869.957: [GC (Allocation Failure) [PSYoungGen: 231690K->3057K(242688K)] 724191K->497976K(766976K), 0.0594234 secs] [Times: user=0.08 sys=0.00, real=0.06 secs] 
2018-06-14T16:03:51.327+0530: 19870.320: [GC (Allocation Failure) [PSYoungGen: 228337K->3261K(244224K)] 723256K->500239K(768512K), 0.0534760 secs] [Times: user=0.11 sys=0.00, real=0.05 secs] 
2018-06-14T16:03:51.844+0530: 19870.836: [GC (Allocation Failure) [PSYoungGen: 231613K->5025K(244224K)] 728591K->503572K(768512K), 0.0646536 secs] [Times: user=0.16 sys=0.00, real=0.06 secs] 
2018-06-14T16:03:52.358+0530: 19871.351: [GC (Allocation Failure) [PSYoungGen: 233377K->3105K(245248K)] 731924K->504374K(769536K), 0.0521499 secs] [Times: user=0.09 sys=0.00, real=0.05 secs] 
2018-06-14T16:03:52.854+0530: 19871.847: [GC (Allocation Failure) [PSYoungGen: 234529K->2058K(245248K)] 735798K->503479K(769536K), 0.0555857 secs] [Times: user=0.09 sys=0.00, real=0.05 secs] 
2018-06-14T16:03:53.491+0530: 19872.484: [GC (Allocation Failure) [PSYoungGen: 233482K->825K(247296K)] 734903K->502419K(771584K), 0.0479349 secs] [Times: user=0.05 sys=0.00, real=0.05 secs] 
2018-06-14T16:03:55.115+0530: 19874.108: [GC (Allocation Failure) [PSYoungGen: 235321K->1650K(247808K)] 736915K->503280K(772096K), 0.0555301 secs] [Times: user=0.08 sys=0.00, real=0.06 secs] 
2018-06-14T16:03:55.612+0530: 19874.605: [GC (Allocation Failure) [PSYoungGen: 236146K->4788K(247808K)] 737776K->507023K(772096K), 0.0478438 secs] [Times: user=0.09 sys=0.00, real=0.05 secs] 
2018-06-14T16:19:22.938+0530: 20801.918: [GC (Allocation Failure) [PSYoungGen: 240820K->2498K(248320K)] 743055K->508882K(772608K), 0.0756764 secs] [Times: user=0.13 sys=0.00, real=0.08 secs] 
2018-06-14T17:03:10.784+0530: 23429.740: [GC (Allocation Failure) [PSYoungGen: 238530K->8191K(248320K)] 744914K->516472K(772608K), 0.0717129 secs] [Times: user=0.19 sys=0.00, real=0.07 secs] 
2018-06-14T17:12:58.812+0530: 24017.760: [GC (Allocation Failure) [PSYoungGen: 244703K->3408K(249344K)] 752985K->512679K(773632K), 0.0673239 secs] [Times: user=0.17 sys=0.00, real=0.07 secs] 
2018-06-14T17:13:18.532+0530: 24037.480: [GC (Allocation Failure) [PSYoungGen: 239952K->4479K(248320K)] 749223K->515376K(772608K), 0.0634772 secs] [Times: user=0.11 sys=0.00, real=0.06 secs] 
2018-06-14T17:13:18.938+0530: 24037.887: [GC (Allocation Failure) [PSYoungGen: 242047K->3817K(248832K)] 752944K->517489K(773120K), 0.0595906 secs] [Times: user=0.11 sys=0.00, real=0.06 secs] 
2018-06-14T17:13:19.288+0530: 24038.237: [GC (Allocation Failure) [PSYoungGen: 241385K->3401K(249856K)] 755057K->518737K(774144K), 0.0546303 secs] [Times: user=0.05 sys=0.00, real=0.05 secs] 
2018-06-14T17:13:19.655+0530: 24038.604: [GC (Allocation Failure) [PSYoungGen: 243529K->5351K(250368K)] 758865K->523219K(774656K), 0.0617045 secs] [Times: user=0.11 sys=0.00, real=0.06 secs] 
2018-06-14T17:13:20.116+0530: 24039.064: [GC (Allocation Failure) [PSYoungGen: 245479K->2682K(250880K)] 763347K->523536K(775168K), 0.0570816 secs] [Times: user=0.05 sys=0.00, real=0.06 secs] 
2018-06-14T17:13:20.173+0530: 24039.122: [Full GC (Ergonomics) [PSYoungGen: 2682K->0K(250880K)] [ParOldGen: 520853K->308942K(524288K)] 523536K->308942K(775168K), [Metaspace: 252475K->251773K(1288192K)], 1.0652327 secs] [Times: user=2.89 sys=0.05, real=1.07 secs] 
2018-06-14T17:13:21.812+0530: 24040.761: [GC (Allocation Failure) [PSYoungGen: 241664K->1635K(251392K)] 550606K->310578K(775680K), 0.0108718 secs] [Times: user=0.06 sys=0.00, real=0.01 secs] 
2018-06-14T17:13:22.340+0530: 24041.290: [GC (Allocation Failure) [PSYoungGen: 243299K->918K(252416K)] 552242K->310772K(776704K), 0.0109830 secs] [Times: user=0.06 sys=0.00, real=0.01 secs] 
2018-06-14T17:13:23.644+0530: 24042.593: [GC (Allocation Failure) [PSYoungGen: 243606K->4544K(247296K)] 553460K->314422K(771584K), 0.0194702 secs] [Times: user=0.02 sys=0.00, real=0.02 secs] 
2018-06-14T17:13:24.295+0530: 24043.244: [GC (Allocation Failure) [PSYoungGen: 247232K->1103K(251904K)] 557110K->311349K(776192K), 0.0105973 secs] [Times: user=0.06 sys=0.00, real=0.01 secs] 
2018-06-14T17:13:24.854+0530: 24043.803: [GC (Allocation Failure) [PSYoungGen: 243791K->9206K(251904K)] 554037K->329395K(776192K), 0.0248390 secs] [Times: user=0.08 sys=0.00, real=0.02 secs] 
2018-06-14T17:14:44.838+0530: 24123.787: [GC (Allocation Failure) [PSYoungGen: 251894K->4377K(244736K)] 572083K->333651K(769024K), 0.0227371 secs] [Times: user=0.06 sys=0.00, real=0.02 secs] 
2018-06-14T17:16:50.728+0530: 24249.675: [GC (Allocation Failure) [PSYoungGen: 238873K->2310K(248320K)] 568147K->335323K(772608K), 0.0297091 secs] [Times: user=0.06 sys=0.00, real=0.03 secs] 
2018-06-14T17:22:17.880+0530: 24576.825: [GC (Allocation Failure) [PSYoungGen: 236806K->1312K(246784K)] 569819K->335721K(771072K), 0.0221525 secs] [Times: user=0.08 sys=0.00, real=0.02 secs] 
2018-06-14T17:25:33.852+0530: 24772.796: [GC (Allocation Failure) [PSYoungGen: 236320K->1312K(247808K)] 570729K->336085K(772096K), 0.0165566 secs] [Times: user=0.01 sys=0.00, real=0.02 secs] 
2018-06-14T17:29:36.814+0530: 25015.756: [GC (Allocation Failure) [PSYoungGen: 236320K->1794K(248320K)] 571093K->336968K(772608K), 0.0365538 secs] [Times: user=0.13 sys=0.00, real=0.04 secs] 
2018-06-14T17:30:50.258+0530: 25089.200: [GC (Allocation Failure) [PSYoungGen: 238338K->2160K(248832K)] 573512K->337333K(773120K), 0.0300949 secs] [Times: user=0.08 sys=0.00, real=0.03 secs] 
2018-06-14T17:37:40.416+0530: 25499.356: [GC (Allocation Failure) [PSYoungGen: 238692K->2590K(248832K)] 573866K->337764K(773120K), 0.0172028 secs] [Times: user=0.08 sys=0.00, real=0.02 secs] 
2018-06-14T17:43:34.976+0530: 25853.919: [GC (Allocation Failure) [PSYoungGen: 240670K->2685K(249344K)] 575844K->337859K(773632K), 0.0183066 secs] [Times: user=0.08 sys=0.00, real=0.02 secs] 
2018-06-14T17:47:11.528+0530: 26070.471: [GC (Allocation Failure) [PSYoungGen: 240765K->3085K(250368K)] 575939K->338267K(774656K), 0.0395944 secs] [Times: user=0.08 sys=0.00, real=0.04 secs] 
2018-06-14T17:50:04.468+0530: 26243.411: [GC (Allocation Failure) [PSYoungGen: 243606K->3261K(250368K)] 578788K->338451K(774656K), 0.0306162 secs] [Times: user=0.08 sys=0.00, real=0.03 secs] 
2018-06-14T18:23:27.588+0530: 28246.526: [GC (Allocation Failure) [PSYoungGen: 243901K->4011K(251904K)] 579091K->339209K(776192K), 0.0335478 secs] [Times: user=0.11 sys=0.00, real=0.03 secs] 
2018-06-14T18:40:52.078+0530: 29291.010: [GC (Allocation Failure) [PSYoungGen: 247211K->6487K(251904K)] 582409K->341684K(776192K), 0.0224108 secs] [Times: user=0.08 sys=0.00, real=0.02 secs] 
2018-06-14T18:45:14.095+0530: 29553.026: [GC (Allocation Failure) [PSYoungGen: 249687K->5422K(252416K)] 584884K->340628K(776704K), 0.0204235 secs] [Times: user=0.08 sys=0.00, real=0.02 secs] 
2018-06-14T20:52:44.849+0530: 37203.790: [GC (Allocation Failure) [PSYoungGen: 248110K->8045K(250880K)] 583316K->343259K(775168K), 0.0272309 secs] [Times: user=0.06 sys=0.01, real=0.03 secs] 
2018-06-15T10:39:39.043+0530: 86836.886: [GC (Allocation Failure) [PSYoungGen: 250733K->6542K(251392K)] 585946K->341764K(775680K), 0.0194925 secs] [Times: user=0.06 sys=0.00, real=0.02 secs] 
2018-06-15T10:49:16.141+0530: 87413.867: [GC (Allocation Failure) [PSYoungGen: 247182K->10439K(251392K)] 582404K->345661K(775680K), 0.0258513 secs] [Times: user=0.06 sys=0.00, real=0.03 secs] 
2018-06-15T10:49:16.714+0530: 87414.440: [GC (Allocation Failure) [PSYoungGen: 251079K->10727K(245248K)] 586301K->346155K(769536K), 0.0217360 secs] [Times: user=0.02 sys=0.00, real=0.02 secs] 
2018-06-15T10:49:17.294+0530: 87415.019: [GC (Allocation Failure) [PSYoungGen: 245223K->9990K(244736K)] 580651K->346115K(769024K), 0.0197315 secs] [Times: user=0.02 sys=0.00, real=0.02 secs] 
2018-06-15T10:49:17.801+0530: 87415.526: [GC (Allocation Failure) [PSYoungGen: 244486K->7985K(247808K)] 580611K->344827K(772096K), 0.0160520 secs] [Times: user=0.06 sys=0.00, real=0.02 secs] 
2018-06-15T10:49:18.405+0530: 87416.129: [GC (Allocation Failure) [PSYoungGen: 240945K->6357K(239616K)] 577787K->343535K(763904K), 0.0162898 secs] [Times: user=0.02 sys=0.00, real=0.02 secs] 
2018-06-15T10:49:37.665+0530: 87435.387: [GC (Allocation Failure) [PSYoungGen: 239317K->7245K(247296K)] 576495K->346696K(771584K), 0.0243280 secs] [Times: user=0.06 sys=0.00, real=0.02 secs] 
2018-06-15T10:49:38.038+0530: 87435.760: [GC (Allocation Failure) [PSYoungGen: 240717K->7700K(246784K)] 580168K->348490K(771072K), 0.0155517 secs] [Times: user=0.06 sys=0.00, real=0.02 secs] 
2018-06-15T10:49:38.519+0530: 87436.241: [GC (Allocation Failure) [PSYoungGen: 241172K->3903K(248320K)] 581962K->346441K(772608K), 0.0138607 secs] [Times: user=0.02 sys=0.00, real=0.01 secs] 
2018-06-15T10:49:39.553+0530: 87437.275: [GC (Allocation Failure) [PSYoungGen: 239423K->3915K(248320K)] 581961K->346538K(772608K), 0.0148169 secs] [Times: user=0.02 sys=0.03, real=0.02 secs] 
2018-06-15T10:49:40.277+0530: 87438.000: [GC (Allocation Failure) [PSYoungGen: 239435K->3326K(248320K)] 582058K->345980K(772608K), 0.0104087 secs] [Times: user=0.06 sys=0.00, real=0.01 secs] 
2018-06-15T10:49:40.786+0530: 87438.509: [GC (Allocation Failure) [PSYoungGen: 239870K->12267K(248832K)] 582524K->357474K(773120K), 0.0233204 secs] [Times: user=0.06 sys=0.00, real=0.02 secs] 
2018-06-15T10:49:41.436+0530: 87439.158: [GC (Allocation Failure) [PSYoungGen: 248811K->13310K(241664K)] 594018K->359009K(765952K), 0.0170737 secs] [Times: user=0.01 sys=0.00, real=0.02 secs] 
2018-06-15T10:49:45.799+0530: 87443.522: [GC (Allocation Failure) [PSYoungGen: 241662K->4296K(245248K)] 587361K->361844K(769536K), 0.0225729 secs] [Times: user=0.06 sys=0.00, real=0.02 secs] 
2018-06-15T10:49:46.214+0530: 87443.936: [GC (Allocation Failure) [PSYoungGen: 232648K->3632K(244736K)] 590196K->363341K(769024K), 0.0132577 secs] [Times: user=0.06 sys=0.00, real=0.01 secs] 
2018-06-15T10:49:46.693+0530: 87444.415: [GC (Allocation Failure) [PSYoungGen: 232496K->1921K(245248K)] 592205K->361816K(769536K), 0.0101115 secs] [Times: user=0.02 sys=0.00, real=0.01 secs] 
2018-06-15T10:49:47.297+0530: 87445.019: [GC (Allocation Failure) [PSYoungGen: 230785K->2973K(244736K)] 590680K->362976K(769024K), 0.0148571 secs] [Times: user=0.02 sys=0.00, real=0.02 secs] 
2018-06-15T10:49:47.852+0530: 87445.574: [GC (Allocation Failure) [PSYoungGen: 232349K->2554K(245248K)] 592352K->362640K(769536K), 0.0101174 secs] [Times: user=0.06 sys=0.00, real=0.01 secs] 
2018-06-15T10:49:48.474+0530: 87446.196: [GC (Allocation Failure) [PSYoungGen: 231930K->15342K(236544K)] 592016K->381690K(760832K), 0.0274930 secs] [Times: user=0.08 sys=0.00, real=0.03 secs] 
2018-06-15T10:49:49.311+0530: 87447.033: [GC (Allocation Failure) [PSYoungGen: 236526K->1663K(241664K)] 602874K->376096K(765952K), 0.0212313 secs] [Times: user=0.08 sys=0.00, real=0.02 secs] 
2018-06-15T10:49:54.318+0530: 87452.039: [GC (Allocation Failure) [PSYoungGen: 222847K->2852K(240128K)] 597280K->378456K(764416K), 0.0132791 secs] [Times: user=0.02 sys=0.00, real=0.01 secs] 
2018-06-15T10:49:54.713+0530: 87452.435: [GC (Allocation Failure) [PSYoungGen: 224548K->1627K(241152K)] 600152K->379081K(765440K), 0.0123229 secs] [Times: user=0.06 sys=0.00, real=0.01 secs] 
2018-06-15T10:49:55.144+0530: 87452.866: [GC (Allocation Failure) [PSYoungGen: 223323K->2741K(240128K)] 600777K->380235K(764416K), 0.0135489 secs] [Times: user=0.02 sys=0.00, real=0.01 secs] 
2018-06-15T10:49:55.577+0530: 87453.299: [GC (Allocation Failure) [PSYoungGen: 226485K->2620K(241664K)] 603979K->380187K(765952K), 0.0167341 secs] [Times: user=0.03 sys=0.00, real=0.02 secs] 
2018-06-15T10:49:56.221+0530: 87453.942: [GC (Allocation Failure) [PSYoungGen: 226364K->1043K(242688K)] 603931K->378771K(766976K), 0.0092476 secs] [Times: user=0.00 sys=0.00, real=0.01 secs] 
2018-06-15T10:49:56.779+0530: 87454.500: [GC (Allocation Failure) [PSYoungGen: 227859K->2169K(243712K)] 605587K->379953K(768000K), 0.0144346 secs] [Times: user=0.06 sys=0.00, real=0.01 secs] 
2018-06-15T10:57:04.176+0530: 87881.883: [GC (Allocation Failure) [PSYoungGen: 228985K->2320K(244224K)] 606769K->380120K(768512K), 0.0191628 secs] [Times: user=0.06 sys=0.00, real=0.02 secs] 
2018-06-15T11:15:46.230+0530: 89003.942: [GC (Allocation Failure) [PSYoungGen: 231696K->1920K(244736K)] 609496K->381103K(769024K), 0.0183968 secs] [Times: user=0.02 sys=0.00, real=0.02 secs] 
2018-06-15T12:09:32.789+0530: 92230.528: [GC (Allocation Failure) [PSYoungGen: 231296K->2176K(244736K)] 610479K->382251K(769024K), 0.0198222 secs] [Times: user=0.01 sys=0.00, real=0.02 secs] 
2018-06-15T12:25:00.385+0530: 93158.204: [GC (Allocation Failure) [PSYoungGen: 234112K->2336K(245760K)] 614187K->382411K(770048K), 0.0169223 secs] [Times: user=0.06 sys=0.00, real=0.02 secs] 
2018-06-15T14:02:09.585+0530: 98987.350: [GC (Allocation Failure) [PSYoungGen: 234272K->3712K(245760K)] 614347K->383795K(770048K), 0.0202926 secs] [Times: user=0.06 sys=0.00, real=0.02 secs] 
2018-06-15T14:28:51.372+0530: 100588.448: [GC (Allocation Failure) [PSYoungGen: 238720K->3040K(247296K)] 618803K->383123K(771584K), 0.0194702 secs] [Times: user=0.06 sys=0.00, real=0.02 secs] 
2018-06-15T14:52:42.415+0530: 102019.480: [GC (Allocation Failure) [PSYoungGen: 238048K->3472K(247296K)] 618131K->383555K(771584K), 0.0515785 secs] [Times: user=0.16 sys=0.00, real=0.05 secs] 
2018-06-15T15:16:10.704+0530: 103427.748: [GC (Allocation Failure) [PSYoungGen: 241552K->4892K(248832K)] 621635K->384983K(773120K), 0.0274674 secs] [Times: user=0.08 sys=0.00, real=0.03 secs] 
2018-06-15T16:26:32.640+0530: 107649.548: [GC (Allocation Failure) [PSYoungGen: 242972K->5297K(251392K)] 623063K->385388K(775680K), 0.0488321 secs] [Times: user=0.14 sys=0.00, real=0.05 secs] 
2018-06-15T16:56:14.403+0530: 109431.307: [GC (Allocation Failure) [PSYoungGen: 245937K->6495K(251392K)] 626028K->386586K(775680K), 0.0281722 secs] [Times: user=0.05 sys=0.00, real=0.03 secs] 
2018-06-15T16:56:30.163+0530: 109447.066: [GC (Allocation Failure) [PSYoungGen: 247135K->6434K(250368K)] 627226K->386525K(774656K), 0.0270325 secs] [Times: user=0.08 sys=0.00, real=0.03 secs] 
2018-06-15T16:57:55.711+0530: 109532.613: [GC (Allocation Failure) [PSYoungGen: 246050K->6700K(241664K)] 626141K->386791K(765952K), 0.0184251 secs] [Times: user=0.06 sys=0.00, real=0.02 secs] 
2018-06-15T16:57:56.907+0530: 109533.809: [GC (Allocation Failure) [PSYoungGen: 241196K->7174K(245248K)] 621287K->387265K(769536K), 0.0154601 secs] [Times: user=0.01 sys=0.00, real=0.01 secs] 
2018-06-15T16:57:57.157+0530: 109534.059: [GC (Allocation Failure) [PSYoungGen: 242182K->7032K(246784K)] 622273K->387123K(771072K), 0.0149931 secs] [Times: user=0.00 sys=0.00, real=0.02 secs] 
2018-06-15T16:57:57.592+0530: 109534.494: [GC (Allocation Failure) [PSYoungGen: 242040K->7622K(250368K)] 622131K->388538K(774656K), 0.0215786 secs] [Times: user=0.05 sys=0.00, real=0.02 secs] 
2018-06-15T16:57:58.243+0530: 109535.145: [GC (Allocation Failure) [PSYoungGen: 246214K->11753K(250368K)] 627130K->393624K(774656K), 0.0195776 secs] [Times: user=0.08 sys=0.00, real=0.02 secs] 
2018-06-15T16:57:58.857+0530: 109535.759: [GC (Allocation Failure) [PSYoungGen: 250345K->11760K(239104K)] 632216K->399091K(763392K), 0.0206412 secs] [Times: user=0.06 sys=0.00, real=0.02 secs] 
2018-06-15T16:58:00.177+0530: 109537.079: [GC (Allocation Failure) [PSYoungGen: 239088K->17391K(244736K)] 626419K->430172K(769024K), 0.0305615 secs] [Times: user=0.08 sys=0.00, real=0.03 secs] 
2018-06-15T16:58:02.510+0530: 109539.413: [GC (Allocation Failure) [PSYoungGen: 244719K->17403K(171008K)] 657500K->495684K(695296K), 0.0532725 secs] [Times: user=0.16 sys=0.00, real=0.05 secs] 
2018-06-15T16:58:03.760+0530: 109540.663: [GC (Allocation Failure) --[PSYoungGen: 171003K->171003K(171008K)] 649284K->695291K(695296K), 0.1582817 secs] [Times: user=0.31 sys=0.00, real=0.16 secs] 
2018-06-15T16:58:03.929+0530: 109540.831: [Full GC (Ergonomics) [PSYoungGen: 171003K->0K(171008K)] [ParOldGen: 524287K->432156K(524288K)] 695291K->432156K(695296K), [Metaspace: 256333K->255558K(1292288K)], 1.0679855 secs] [Times: user=3.23 sys=0.14, real=1.07 secs] 
2018-06-15T16:58:07.689+0530: 109544.592: [GC (Allocation Failure) [PSYoungGen: 153600K->30982K(184832K)] 585756K->463147K(709120K), 0.0325030 secs] [Times: user=0.08 sys=0.00, real=0.03 secs] 
2018-06-15T16:58:08.213+0530: 109545.115: [GC (Allocation Failure) [PSYoungGen: 184582K->28102K(206848K)] 616747K->460267K(731136K), 0.0367116 secs] [Times: user=0.13 sys=0.03, real=0.04 secs] 
2018-06-15T16:58:08.859+0530: 109545.762: [GC (Allocation Failure) [PSYoungGen: 179142K->24679K(176128K)] 611307K->456844K(700416K), 0.0269315 secs] [Times: user=0.08 sys=0.02, real=0.03 secs] 
2018-06-15T16:58:09.204+0530: 109546.107: [GC (Allocation Failure) [PSYoungGen: 175719K->4838K(204800K)] 607884K->455095K(729088K), 0.0270094 secs] [Times: user=0.09 sys=0.00, real=0.03 secs] 
2018-06-15T16:58:09.458+0530: 109546.360: [GC (Allocation Failure) [PSYoungGen: 156390K->1600K(204288K)] 606647K->455385K(728576K), 0.0140502 secs] [Times: user=0.06 sys=0.00, real=0.01 secs] 
2018-06-15T16:58:10.875+0530: 109547.777: [GC (Allocation Failure) [PSYoungGen: 153152K->4200K(206848K)] 606937K->459005K(731136K), 0.0135327 secs] [Times: user=0.01 sys=0.00, real=0.01 secs] 
2018-06-15T16:58:12.040+0530: 109548.943: [GC (Allocation Failure) [PSYoungGen: 160872K->3170K(207872K)] 615677K->459175K(732160K), 0.0130721 secs] [Times: user=0.06 sys=0.00, real=0.01 secs] 
2018-06-15T16:58:12.268+0530: 109549.170: [GC (Allocation Failure) [PSYoungGen: 159842K->1302K(209408K)] 615847K->459788K(733696K), 0.0120825 secs] [Times: user=0.02 sys=0.00, real=0.01 secs] 
2018-06-15T16:58:12.531+0530: 109549.433: [GC (Allocation Failure) [PSYoungGen: 162582K->728K(209920K)] 621068K->460059K(734208K), 0.0161431 secs] [Times: user=0.03 sys=0.00, real=0.02 secs] 
2018-06-15T16:58:12.803+0530: 109549.705: [GC (Allocation Failure) [PSYoungGen: 162008K->1095K(211456K)] 621339K->460819K(735744K), 0.0107692 secs] [Times: user=0.05 sys=0.00, real=0.01 secs] 
2018-06-15T16:58:13.011+0530: 109549.914: [GC (Allocation Failure) [PSYoungGen: 167495K->1383K(211968K)] 627219K->461743K(736256K), 0.0116946 secs] [Times: user=0.03 sys=0.02, real=0.01 secs] 
2018-06-15T16:58:13.222+0530: 109550.125: [GC (Allocation Failure) [PSYoungGen: 167783K->2469K(213504K)] 628143K->463852K(737792K), 0.0127043 secs] [Times: user=0.01 sys=0.00, real=0.01 secs] 
2018-06-15T16:58:13.469+0530: 109550.372: [GC (Allocation Failure) [PSYoungGen: 175013K->4006K(214528K)] 636396K->467197K(738816K), 0.0138034 secs] [Times: user=0.02 sys=0.00, real=0.01 secs] 
2018-06-15T16:58:13.700+0530: 109550.603: [GC (Allocation Failure) [PSYoungGen: 176550K->2016K(217600K)] 639741K->466238K(741888K), 0.0117601 secs] [Times: user=0.00 sys=0.00, real=0.01 secs] 
2018-06-15T16:58:14.009+0530: 109550.911: [GC (Allocation Failure) [PSYoungGen: 182752K->968K(218112K)] 646974K->466312K(742400K), 0.0112135 secs] [Times: user=0.06 sys=0.00, real=0.01 secs] 
2018-06-15T16:58:14.249+0530: 109551.151: [GC (Allocation Failure) [PSYoungGen: 181704K->352K(222720K)] 647048K->466194K(747008K), 0.0137692 secs] [Times: user=0.02 sys=0.00, real=0.01 secs] 
2018-06-15T16:58:14.606+0530: 109551.509: [GC (Allocation Failure) [PSYoungGen: 189280K->512K(223232K)] 655122K->466394K(747520K), 0.0103321 secs] [Times: user=0.00 sys=0.00, real=0.01 secs] 
2018-06-15T16:58:14.837+0530: 109551.739: [GC (Allocation Failure) [PSYoungGen: 189440K->288K(224768K)] 655322K->466348K(749056K), 0.0106217 secs] [Times: user=0.06 sys=0.00, real=0.01 secs] 
2018-06-15T16:58:17.583+0530: 109554.486: [GC (Allocation Failure) [PSYoungGen: 195359K->4087K(225792K)] 661420K->470220K(750080K), 0.0130234 secs] [Times: user=0.06 sys=0.00, real=0.01 secs] 
2018-06-15T16:58:21.364+0530: 109558.266: [GC (Allocation Failure) [PSYoungGen: 199159K->480K(229376K)] 665292K->470364K(753664K), 0.0328379 secs] [Times: user=0.08 sys=0.00, real=0.03 secs] 
2018-06-15T16:58:26.225+0530: 109563.128: [GC (Allocation Failure) [PSYoungGen: 203232K->640K(229888K)] 673116K->470596K(754176K), 0.0198988 secs] [Times: user=0.08 sys=0.00, real=0.02 secs] 
2018-06-15T16:58:30.560+0530: 109567.462: [GC (Allocation Failure) [PSYoungGen: 203392K->128K(232960K)] 673348K->470604K(757248K), 0.0133394 secs] [Times: user=0.00 sys=0.00, real=0.01 secs] 
2018-06-15T16:58:37.195+0530: 109574.097: [GC (Allocation Failure) [PSYoungGen: 209536K->5386K(233472K)] 680012K->475879K(757760K), 0.0136704 secs] [Times: user=0.06 sys=0.00, real=0.01 secs] 
2018-06-15T16:58:37.758+0530: 109574.660: [GC (Allocation Failure) [PSYoungGen: 214794K->4900K(234496K)] 685287K->480127K(758784K), 0.0247120 secs] [Times: user=0.08 sys=0.00, real=0.03 secs] 
2018-06-15T16:58:38.463+0530: 109575.365: [GC (Allocation Failure) [PSYoungGen: 219940K->7154K(236032K)] 695167K->486676K(760320K), 0.0200052 secs] [Times: user=0.08 sys=0.00, real=0.02 secs] 
2018-06-15T16:58:39.049+0530: 109575.952: [GC (Allocation Failure) [PSYoungGen: 222194K->6417K(239616K)] 701716K->488222K(763904K), 0.0230134 secs] [Times: user=0.06 sys=0.00, real=0.02 secs] 
2018-06-15T16:58:40.073+0530: 109576.975: [GC (Allocation Failure) [PSYoungGen: 227089K->2021K(240640K)] 708894K->486585K(764928K), 0.0142828 secs] [Times: user=0.06 sys=0.00, real=0.01 secs] 
2018-06-15T16:58:40.741+0530: 109577.643: [GC (Allocation Failure) [PSYoungGen: 222693K->2280K(240128K)] 707257K->487840K(764416K), 0.0143730 secs] [Times: user=0.06 sys=0.00, real=0.02 secs] 
2018-06-15T16:58:41.218+0530: 109578.120: [GC (Allocation Failure) [PSYoungGen: 225512K->1259K(241152K)] 711072K->486978K(765440K), 0.0110305 secs] [Times: user=0.00 sys=0.00, real=0.01 secs] 
2018-06-15T16:58:42.016+0530: 109578.918: [GC (Allocation Failure) [PSYoungGen: 224491K->1034K(242176K)] 710210K->487352K(766464K), 0.0180966 secs] [Times: user=0.02 sys=0.00, real=0.02 secs] 
2018-06-15T16:58:44.301+0530: 109581.203: [GC (Allocation Failure) [PSYoungGen: 228362K->1311K(243200K)] 714680K->487734K(767488K), 0.0141485 secs] [Times: user=0.02 sys=0.00, real=0.01 secs] 
2018-06-15T16:58:57.797+0530: 109594.699: [GC (Allocation Failure) [PSYoungGen: 228639K->1690K(243712K)] 715062K->488360K(768000K), 0.0168252 secs] [Times: user=0.02 sys=0.00, real=0.02 secs] 
2018-06-15T16:59:02.320+0530: 109599.222: [GC (Allocation Failure) [PSYoungGen: 232602K->3747K(245248K)] 719272K->491218K(769536K), 0.0239196 secs] [Times: user=0.09 sys=0.00, real=0.02 secs] 
2018-06-15T16:59:03.335+0530: 109600.237: [GC (Allocation Failure) [PSYoungGen: 234659K->2962K(246272K)] 722130K->491256K(770560K), 0.0253295 secs] [Times: user=0.03 sys=0.00, real=0.02 secs] 
2018-06-15T16:59:50.834+0530: 109647.735: [GC (Allocation Failure) [PSYoungGen: 237458K->6615K(247296K)] 725752K->496166K(771584K), 0.0260865 secs] [Times: user=0.09 sys=0.00, real=0.03 secs] 
2018-06-15T16:59:51.190+0530: 109648.091: [GC (Allocation Failure) [PSYoungGen: 241111K->5559K(249344K)] 730662K->496787K(773632K), 0.0169993 secs] [Times: user=0.06 sys=0.00, real=0.02 secs] 
2018-06-15T16:59:51.544+0530: 109648.446: [GC (Allocation Failure) [PSYoungGen: 242103K->4787K(241664K)] 733331K->498128K(765952K), 0.0139454 secs] [Times: user=0.00 sys=0.00, real=0.01 secs] 
2018-06-15T16:59:51.945+0530: 109648.847: [GC (Allocation Failure) [PSYoungGen: 241331K->2746K(249344K)] 734672K->497728K(773632K), 0.0135776 secs] [Times: user=0.06 sys=0.00, real=0.01 secs] 
2018-06-15T16:59:52.368+0530: 109649.269: [GC (Allocation Failure) [PSYoungGen: 239802K->1276K(248832K)] 734784K->498010K(773120K), 0.0114355 secs] [Times: user=0.06 sys=0.00, real=0.01 secs] 
2018-06-15T16:59:52.803+0530: 109649.705: [GC (Allocation Failure) [PSYoungGen: 238332K->1889K(249856K)] 735066K->498655K(774144K), 0.0135917 secs] [Times: user=0.01 sys=0.00, real=0.01 secs] 
2018-06-15T16:59:53.384+0530: 109650.286: [GC (Allocation Failure) [PSYoungGen: 240481K->9516K(249344K)] 737247K->506338K(773632K), 0.0176557 secs] [Times: user=0.06 sys=0.00, real=0.02 secs] 
2018-06-15T16:59:54.238+0530: 109651.140: [GC (Allocation Failure) [PSYoungGen: 248108K->1307K(250368K)] 744930K->498161K(774656K), 0.0166858 secs] [Times: user=0.03 sys=0.00, real=0.02 secs] 
2018-06-15T16:59:55.179+0530: 109652.080: [GC (GCLocker Initiated GC) [PSYoungGen: 239387K->5868K(249856K)] 739625K->506138K(774144K), 0.0254527 secs] [Times: user=0.08 sys=0.00, real=0.03 secs] 
2018-06-15T16:59:56.160+0530: 109653.062: [GC (Allocation Failure) [PSYoungGen: 243948K->5885K(249856K)] 744278K->511065K(774144K), 0.0283419 secs] [Times: user=0.08 sys=0.00, real=0.03 secs] 
2018-06-15T17:00:04.099+0530: 109661.000: [GC (Allocation Failure) [PSYoungGen: 243965K->3938K(249856K)] 749145K->512684K(774144K), 0.0173380 secs] [Times: user=0.06 sys=0.00, real=0.02 secs] 
2018-06-15T17:00:04.527+0530: 109661.428: [GC (Allocation Failure) [PSYoungGen: 242018K->3252K(249856K)] 750764K->515702K(774144K), 0.0258846 secs] [Times: user=0.09 sys=0.00, real=0.03 secs] 
2018-06-15T17:00:04.881+0530: 109661.783: [GC (Allocation Failure) [PSYoungGen: 242356K->3910K(249856K)] 754806K->518264K(774144K), 0.0146044 secs] [Times: user=0.06 sys=0.00, real=0.01 secs] 
2018-06-15T17:00:05.211+0530: 109662.113: [GC (Allocation Failure) [PSYoungGen: 243014K->5267K(250880K)] 757368K->521269K(775168K), 0.0137555 secs] [Times: user=0.06 sys=0.00, real=0.01 secs] 
2018-06-15T17:00:05.587+0530: 109662.489: [GC (Allocation Failure) [PSYoungGen: 246419K->4489K(250880K)] 762421K->521636K(775168K), 0.0134638 secs] [Times: user=0.06 sys=0.00, real=0.01 secs] 
2018-06-15T17:00:05.995+0530: 109662.897: [GC (Allocation Failure) [PSYoungGen: 245641K->1462K(251392K)] 762788K->521213K(775680K), 0.0127740 secs] [Times: user=0.06 sys=0.00, real=0.01 secs] 
2018-06-15T17:00:06.008+0530: 109662.910: [Full GC (Ergonomics) [PSYoungGen: 1462K->0K(251392K)] [ParOldGen: 519751K->313738K(524288K)] 521213K->313738K(775680K), [Metaspace: 261462K->261193K(1296384K)], 0.7741361 secs] [Times: user=2.28 sys=0.00, real=0.77 secs] 
2018-06-15T17:00:07.337+0530: 109664.238: [GC (Allocation Failure) [PSYoungGen: 242688K->1886K(251904K)] 556426K->315624K(776192K), 0.0123340 secs] [Times: user=0.05 sys=0.00, real=0.01 secs] 
2018-06-15T17:00:14.251+0530: 109671.152: [GC (Allocation Failure) [PSYoungGen: 244574K->1540K(252928K)] 558312K->316528K(777216K), 0.0138252 secs] [Times: user=0.01 sys=0.00, real=0.01 secs] 
2018-06-15T17:01:17.020+0530: 109733.921: [GC (Allocation Failure) [PSYoungGen: 245252K->2624K(246784K)] 560240K->317971K(771072K), 0.0301582 secs] [Times: user=0.08 sys=0.00, real=0.03 secs] 
2018-06-15T17:01:56.732+0530: 109773.633: [GC (Allocation Failure) [PSYoungGen: 246336K->3680K(252928K)] 561683K->320749K(777216K), 0.0193479 secs] [Times: user=0.03 sys=0.00, real=0.02 secs] 
2018-06-15T17:03:10.479+0530: 109847.380: [GC (Allocation Failure) [PSYoungGen: 247904K->3032K(252416K)] 564973K->322779K(776704K), 0.0198757 secs] [Times: user=0.08 sys=0.00, real=0.02 secs] 
2018-06-15T17:03:10.978+0530: 109847.879: [GC (Allocation Failure) [PSYoungGen: 247256K->7659K(247296K)] 567003K->333289K(771584K), 0.0212399 secs] [Times: user=0.08 sys=0.00, real=0.02 secs] 
2018-06-15T17:03:11.493+0530: 109848.393: [GC (Allocation Failure) [PSYoungGen: 247275K->2826K(250880K)] 572905K->329040K(775168K), 0.0163090 secs] [Times: user=0.06 sys=0.00, real=0.02 secs] 
2018-06-15T17:03:12.094+0530: 109848.994: [GC (Allocation Failure) [PSYoungGen: 242442K->4914K(249344K)] 568656K->331752K(773632K), 0.0179799 secs] [Times: user=0.03 sys=0.00, real=0.02 secs] 
2018-06-15T17:03:12.705+0530: 109849.605: [GC (Allocation Failure) [PSYoungGen: 245042K->962K(250368K)] 571880K->327833K(774656K), 0.0157488 secs] [Times: user=0.02 sys=0.00, real=0.02 secs] 
2018-06-15T17:03:14.448+0530: 109851.349: [GC (Allocation Failure) [PSYoungGen: 241090K->3091K(250880K)] 567961K->329993K(775168K), 0.0174201 secs] [Times: user=0.08 sys=0.00, real=0.02 secs] 
2018-06-15T17:03:15.274+0530: 109852.174: [GC (Allocation Failure) [PSYoungGen: 244755K->7446K(251392K)] 571657K->334601K(775680K), 0.0225139 secs] [Times: user=0.09 sys=0.00, real=0.02 secs] 
2018-06-15T17:04:06.620+0530: 109903.520: [GC (Allocation Failure) [PSYoungGen: 249110K->5948K(251392K)] 576265K->334378K(775680K), 0.0264136 secs] [Times: user=0.08 sys=0.00, real=0.03 secs] 
2018-06-15T17:04:09.134+0530: 109906.034: [GC (Allocation Failure) [PSYoungGen: 246588K->3506K(244224K)] 575018K->335024K(768512K), 0.0146129 secs] [Times: user=0.05 sys=0.00, real=0.01 secs] 
2018-06-15T17:04:12.633+0530: 109909.532: [GC (Allocation Failure) [PSYoungGen: 244146K->3844K(251392K)] 575664K->338234K(775680K), 0.0163783 secs] [Times: user=0.05 sys=0.00, real=0.02 secs] 
2018-06-15T17:08:28.252+0530: 110165.150: [GC (Allocation Failure) [PSYoungGen: 244996K->2017K(250880K)] 579386K->339711K(775168K), 0.0211800 secs] [Times: user=0.02 sys=0.00, real=0.02 secs] 
2018-06-15T18:06:08.988+0530: 113625.119: [GC (Allocation Failure) [PSYoungGen: 243058K->5081K(251904K)] 580752K->343823K(776192K), 0.0263290 secs] [Times: user=0.08 sys=0.00, real=0.03 secs] 
2018-06-16T11:46:06.181+0530: 177240.623: [GC (Allocation Failure) [PSYoungGen: 247257K->4873K(251904K)] 585999K->343616K(776192K), 0.0219665 secs] [Times: user=0.03 sys=0.00, real=0.02 secs] 
2018-06-16T11:46:06.679+0530: 177241.121: [GC (Allocation Failure) [PSYoungGen: 247049K->4359K(251904K)] 585792K->343109K(776192K), 0.0150500 secs] [Times: user=0.06 sys=0.00, real=0.02 secs] 
2018-06-16T11:58:53.812+0530: 178008.253: [GC (Allocation Failure) [PSYoungGen: 247559K->5015K(251904K)] 586309K->347093K(776192K), 0.0213566 secs] [Times: user=0.06 sys=0.00, real=0.02 secs] 
2018-06-16T11:58:56.898+0530: 178011.339: [GC (Allocation Failure) [PSYoungGen: 248209K->4907K(253440K)] 590287K->346986K(777728K), 0.0152164 secs] [Times: user=0.06 sys=0.00, real=0.02 secs] 
2018-06-16T11:58:57.241+0530: 178011.683: [GC (Allocation Failure) [PSYoungGen: 249643K->8236K(253440K)] 591722K->350315K(777728K), 0.0191461 secs] [Times: user=0.08 sys=0.00, real=0.02 secs] 
2018-06-16T11:58:57.604+0530: 178012.046: [GC (Allocation Failure) [PSYoungGen: 252972K->8205K(250368K)] 595051K->351741K(774656K), 0.0206433 secs] [Times: user=0.00 sys=0.00, real=0.02 secs] 
2018-06-16T11:58:57.897+0530: 178012.338: [GC (Allocation Failure) [PSYoungGen: 249869K->6098K(251904K)] 593405K->353565K(776192K), 0.0199005 secs] [Times: user=0.08 sys=0.00, real=0.02 secs] 
2018-06-16T11:58:58.511+0530: 178012.952: [GC (Allocation Failure) [PSYoungGen: 247762K->2268K(251904K)] 595229K->352861K(776192K), 0.0171147 secs] [Times: user=0.03 sys=0.00, real=0.02 secs] 
2018-06-16T11:58:59.415+0530: 178013.857: [GC (Allocation Failure) [PSYoungGen: 243932K->679K(251904K)] 594525K->352576K(776192K), 0.0153383 secs] [Times: user=0.09 sys=0.00, real=0.02 secs] 
2018-06-16T11:59:00.220+0530: 178014.662: [GC (Allocation Failure) [PSYoungGen: 242343K->1667K(251904K)] 594240K->353627K(776192K), 0.0197961 secs] [Times: user=0.06 sys=0.00, real=0.02 secs] 
2018-06-16T11:59:01.657+0530: 178016.099: [GC (Allocation Failure) [PSYoungGen: 243331K->1522K(251904K)] 595291K->353506K(776192K), 0.0201122 secs] [Times: user=0.05 sys=0.00, real=0.02 secs] 
2018-06-16T11:59:02.493+0530: 178016.935: [GC (Allocation Failure) [PSYoungGen: 243186K->5667K(251904K)] 595170K->358119K(776192K), 0.0148139 secs] [Times: user=0.00 sys=0.00, real=0.01 secs] 
2018-06-16T11:59:03.047+0530: 178017.489: [GC (Allocation Failure) [PSYoungGen: 247331K->1413K(251904K)] 599783K->353897K(776192K), 0.0127035 secs] [Times: user=0.02 sys=0.00, real=0.01 secs] 
2018-06-16T11:59:34.939+0530: 178049.381: [GC (Allocation Failure) [PSYoungGen: 243077K->5307K(251904K)] 595561K->357799K(776192K), 0.0170386 secs] [Times: user=0.06 sys=0.00, real=0.02 secs] 
2018-06-16T12:03:52.040+0530: 178306.482: [GC (Allocation Failure) [PSYoungGen: 246971K->1560K(243712K)] 599463K->354905K(768000K), 0.0509986 secs] [Times: user=0.08 sys=0.00, real=0.05 secs] 
2018-06-16T12:23:26.957+0530: 179481.399: [GC (Allocation Failure) [PSYoungGen: 243224K->7212K(250368K)] 596569K->361286K(774656K), 0.0247650 secs] [Times: user=0.09 sys=0.00, real=0.03 secs] 
2018-06-16T12:24:51.372+0530: 179565.814: [GC (Allocation Failure) [PSYoungGen: 247852K->2833K(251392K)] 601926K->357820K(775680K), 0.0243528 secs] [Times: user=0.06 sys=0.00, real=0.03 secs] 
2018-06-16T12:25:00.542+0530: 179574.984: [GC (Allocation Failure) [PSYoungGen: 243473K->1968K(249856K)] 598460K->356955K(774144K), 0.0144697 secs] [Times: user=0.02 sys=0.00, real=0.01 secs] 
2018-06-16T12:26:40.856+0530: 179675.297: [GC (Allocation Failure) [PSYoungGen: 243120K->2241K(250880K)] 598107K->357228K(775168K), 0.0453681 secs] [Times: user=0.09 sys=0.00, real=0.05 secs] 
2018-06-16T12:32:16.718+0530: 180011.160: [GC (Allocation Failure) [PSYoungGen: 243393K->6680K(251392K)] 598380K->361667K(775680K), 0.0204252 secs] [Times: user=0.06 sys=0.00, real=0.02 secs] 
2018-06-16T12:32:17.216+0530: 180011.658: [GC (Allocation Failure) [PSYoungGen: 248344K->4852K(251904K)] 603331K->359839K(776192K), 0.0141977 secs] [Times: user=0.02 sys=0.00, real=0.01 secs] 
2018-06-16T12:32:17.803+0530: 180012.245: [GC (Allocation Failure) [PSYoungGen: 246516K->4408K(251904K)] 601503K->360335K(776192K), 0.0140275 secs] [Times: user=0.06 sys=0.00, real=0.02 secs] 
2018-06-16T12:32:18.637+0530: 180013.078: [GC (Allocation Failure) [PSYoungGen: 246584K->1946K(251904K)] 602511K->358545K(776192K), 0.0121462 secs] [Times: user=0.00 sys=0.00, real=0.01 secs] 
2018-06-16T12:32:27.273+0530: 180021.715: [GC (Allocation Failure) [PSYoungGen: 244122K->3194K(251904K)] 600721K->360509K(776192K), 0.0147075 secs] [Times: user=0.06 sys=0.00, real=0.02 secs] 
2018-06-16T12:32:27.852+0530: 180022.293: [GC (Allocation Failure) [PSYoungGen: 246394K->7796K(251904K)] 603709K->365160K(776192K), 0.0186812 secs] [Times: user=0.08 sys=0.00, real=0.02 secs] 
2018-06-16T12:32:28.208+0530: 180022.650: [GC (Allocation Failure) [PSYoungGen: 250996K->4548K(252416K)] 608360K->369064K(776704K), 0.0228958 secs] [Times: user=0.08 sys=0.00, real=0.02 secs] 
2018-06-16T12:32:28.613+0530: 180023.055: [GC (Allocation Failure) [PSYoungGen: 247236K->6566K(252416K)] 611752K->374892K(776704K), 0.0181544 secs] [Times: user=0.06 sys=0.00, real=0.02 secs] 
2018-06-16T12:32:29.089+0530: 180023.531: [GC (Allocation Failure) [PSYoungGen: 249254K->3098K(252416K)] 617580K->373262K(776704K), 0.0148311 secs] [Times: user=0.02 sys=0.00, real=0.02 secs] 
2018-06-16T12:32:29.617+0530: 180024.059: [GC (Allocation Failure) [PSYoungGen: 245786K->1269K(252416K)] 615950K->371527K(776704K), 0.0161953 secs] [Times: user=0.08 sys=0.00, real=0.02 secs] 
2018-06-16T12:32:30.472+0530: 180024.913: [GC (Allocation Failure) [PSYoungGen: 243957K->628K(252416K)] 614215K->370950K(776704K), 0.0142991 secs] [Times: user=0.02 sys=0.00, real=0.01 secs] 
2018-06-16T12:32:31.139+0530: 180025.581: [GC (Allocation Failure) [PSYoungGen: 243316K->2356K(245248K)] 613638K->372742K(769536K), 0.0146292 secs] [Times: user=0.02 sys=0.00, real=0.02 secs] 
2018-06-16T12:32:31.656+0530: 180026.098: [GC (Allocation Failure) [PSYoungGen: 245044K->6960K(250880K)] 615430K->377370K(775168K), 0.0166045 secs] [Times: user=0.02 sys=0.00, real=0.02 secs] 
2018-06-16T12:32:32.244+0530: 180026.686: [GC (Allocation Failure) [PSYoungGen: 248624K->808K(251904K)] 619034K->371234K(776192K), 0.0135412 secs] [Times: user=0.00 sys=0.00, real=0.01 secs] 
2018-06-16T12:33:23.251+0530: 180077.693: [GC (Allocation Failure) [PSYoungGen: 242472K->1477K(251392K)] 612898K->371903K(775680K), 0.0246727 secs] [Times: user=0.06 sys=0.00, real=0.03 secs] 
2018-06-16T15:30:09.408+0530: 190702.236: [GC (Allocation Failure) [PSYoungGen: 243653K->1805K(251904K)] 614079K->373076K(776192K), 0.0451000 secs] [Times: user=0.03 sys=0.00, real=0.05 secs] 
2018-06-16T20:50:09.229+0530: 209902.072: [GC (Allocation Failure) [PSYoungGen: 243981K->2800K(251392K)] 615252K->374944K(775680K), 0.0241608 secs] [Times: user=0.02 sys=0.00, real=0.02 secs] 
2018-06-16T20:50:09.805+0530: 209902.647: [GC (GCLocker Initiated GC) [PSYoungGen: 246000K->4181K(251904K)] 618145K->377559K(776192K), 0.0161003 secs] [Times: user=0.06 sys=0.00, real=0.02 secs] 
2018-06-16T20:50:10.378+0530: 209903.220: [GC (Allocation Failure) [PSYoungGen: 247381K->1599K(252416K)] 620761K->377129K(776704K), 0.0160110 secs] [Times: user=0.06 sys=0.00, real=0.02 secs] 
2018-06-16T20:50:10.867+0530: 209903.709: [GC (Allocation Failure) [PSYoungGen: 246335K->1698K(252928K)] 621865K->377892K(777216K), 0.0154777 secs] [Times: user=0.06 sys=0.00, real=0.02 secs] 
2018-06-16T20:50:11.432+0530: 209904.275: [GC (Allocation Failure) [PSYoungGen: 246434K->720K(253952K)] 622628K->377598K(778240K), 0.0118854 secs] [Times: user=0.00 sys=0.00, real=0.01 secs] 
2018-06-16T20:50:12.154+0530: 209904.996: [GC (Allocation Failure) [PSYoungGen: 246480K->8171K(253952K)] 623358K->388649K(778240K), 0.0231079 secs] [Times: user=0.06 sys=0.00, real=0.02 secs] 
2018-06-16T20:50:12.826+0530: 209905.669: [GC (Allocation Failure) [PSYoungGen: 253931K->1647K(248832K)] 634409K->382165K(773120K), 0.0154811 secs] [Times: user=0.02 sys=0.00, real=0.02 secs] 
2018-06-16T20:50:34.637+0530: 209927.480: [GC (Allocation Failure) [PSYoungGen: 242287K->2697K(251392K)] 622805K->383791K(775680K), 0.0227093 secs] [Times: user=0.02 sys=0.00, real=0.02 secs] 
2018-06-16T20:50:44.552+0530: 209937.394: [GC (Allocation Failure) [PSYoungGen: 243337K->3790K(250368K)] 624431K->386587K(774656K), 0.0195956 secs] [Times: user=0.08 sys=0.00, real=0.02 secs] 
2018-06-16T20:52:07.064+0530: 210019.907: [GC (Allocation Failure) [PSYoungGen: 245454K->6616K(251392K)] 628251K->392277K(775680K), 0.0330735 secs] [Times: user=0.08 sys=0.00, real=0.03 secs] 
2018-06-16T20:52:07.550+0530: 210020.393: [GC (Allocation Failure) [PSYoungGen: 248280K->4048K(251904K)] 633941K->392756K(776192K), 0.0226409 secs] [Times: user=0.09 sys=0.00, real=0.02 secs] 
2018-06-16T20:52:08.031+0530: 210020.873: [GC (Allocation Failure) [PSYoungGen: 246224K->2386K(251904K)] 634932K->391263K(776192K), 0.0120355 secs] [Times: user=0.02 sys=0.00, real=0.01 secs] 
2018-06-16T20:52:08.516+0530: 210021.359: [GC (Allocation Failure) [PSYoungGen: 244562K->1320K(251904K)] 633439K->390244K(776192K), 0.0137110 secs] [Times: user=0.02 sys=0.00, real=0.01 secs] 
2018-06-16T20:52:08.882+0530: 210021.725: [GC (Allocation Failure) [PSYoungGen: 244008K->2411K(251904K)] 632932K->391411K(776192K), 0.0132620 secs] [Times: user=0.06 sys=0.00, real=0.01 secs] 
2018-06-16T20:52:09.320+0530: 210022.162: [GC (Allocation Failure) [PSYoungGen: 245099K->1710K(252416K)] 634099K->390726K(776704K), 0.0136195 secs] [Times: user=0.06 sys=0.00, real=0.01 secs] 
2018-06-16T20:52:09.657+0530: 210022.499: [GC (Allocation Failure) [PSYoungGen: 245422K->8688K(252416K)] 634438K->399714K(776704K), 0.0201908 secs] [Times: user=0.06 sys=0.00, real=0.02 secs] 
2018-06-16T20:52:10.158+0530: 210023.001: [GC (Allocation Failure) [PSYoungGen: 252400K->1370K(250368K)] 643426K->392436K(774656K), 0.0125059 secs] [Times: user=0.01 sys=0.00, real=0.01 secs] 
2018-06-16T20:52:10.956+0530: 210023.798: [GC (Allocation Failure) [PSYoungGen: 242010K->1529K(251392K)] 633076K->392882K(775680K), 0.0159930 secs] [Times: user=0.05 sys=0.00, real=0.02 secs] 
2018-06-16T20:52:11.620+0530: 210024.462: [GC (GCLocker Initiated GC) [PSYoungGen: 242169K->806K(250880K)] 633523K->392176K(775168K), 0.0117254 secs] [Times: user=0.00 sys=0.00, real=0.01 secs] 
2018-06-16T20:52:12.786+0530: 210025.629: [GC (Allocation Failure) [PSYoungGen: 241958K->2326K(251392K)] 633331K->393731K(775680K), 0.0149649 secs] [Times: user=0.06 sys=0.00, real=0.02 secs] 
2018-06-16T20:52:52.938+0530: 210065.780: [GC (Allocation Failure) [PSYoungGen: 243478K->4672K(251904K)] 634883K->396424K(776192K), 0.0236595 secs] [Times: user=0.01 sys=0.00, real=0.02 secs] 
2018-06-16T20:55:30.176+0530: 210223.019: [GC (Allocation Failure) [PSYoungGen: 246848K->2507K(251904K)] 638600K->397644K(776192K), 0.0282051 secs] [Times: user=0.08 sys=0.00, real=0.03 secs] 
2018-06-16T20:56:49.477+0530: 210302.319: [GC (Allocation Failure) [PSYoungGen: 244683K->2378K(251904K)] 639820K->398755K(776192K), 0.0220178 secs] [Times: user=0.08 sys=0.00, real=0.02 secs] 
2018-06-16T20:57:57.028+0530: 210369.871: [GC (Allocation Failure) [PSYoungGen: 245578K->1724K(251904K)] 641955K->399081K(776192K), 0.0195280 secs] [Times: user=0.01 sys=0.00, real=0.02 secs] 
2018-06-16T20:59:32.002+0530: 210464.844: [GC (Allocation Failure) [PSYoungGen: 244924K->3971K(252928K)] 642281K->401329K(777216K), 0.0211124 secs] [Times: user=0.02 sys=0.00, real=0.02 secs] 
2018-06-16T21:00:46.109+0530: 210538.951: [GC (Allocation Failure) [PSYoungGen: 248707K->3753K(252928K)] 646065K->401110K(777216K), 0.0201404 secs] [Times: user=0.06 sys=0.00, real=0.02 secs] 
2018-06-16T21:05:53.092+0530: 210845.934: [GC (Allocation Failure) [PSYoungGen: 248489K->3740K(252928K)] 645846K->401097K(777216K), 0.0191794 secs] [Times: user=0.06 sys=0.00, real=0.02 secs] 
2018-06-16T21:08:47.087+0530: 211019.930: [GC (Allocation Failure) [PSYoungGen: 249500K->4409K(253440K)] 646857K->401766K(777728K), 0.0211223 secs] [Times: user=0.02 sys=0.00, real=0.02 secs] 
2018-06-16T21:09:53.005+0530: 211085.848: [GC (Allocation Failure) [PSYoungGen: 250169K->4551K(254464K)] 647526K->401909K(778752K), 0.0201964 secs] [Times: user=0.08 sys=0.00, real=0.02 secs] 
2018-06-16T21:12:06.755+0530: 211219.598: [GC (Allocation Failure) [PSYoungGen: 251335K->4985K(251904K)] 648693K->402342K(776192K), 0.0236014 secs] [Times: user=0.08 sys=0.00, real=0.02 secs] 
2018-06-16T21:13:08.119+0530: 211280.962: [GC (Allocation Failure) [PSYoungGen: 251763K->4617K(254464K)] 649120K->401974K(778752K), 0.0181702 secs] [Times: user=0.01 sys=0.00, real=0.02 secs] 
2018-06-16T21:19:52.341+0530: 211685.184: [GC (Allocation Failure) [PSYoungGen: 250889K->7047K(253440K)] 648246K->404413K(777728K), 0.0276786 secs] [Times: user=0.08 sys=0.00, real=0.03 secs] 
2018-06-16T21:20:13.973+0530: 211706.815: [GC (Allocation Failure) [PSYoungGen: 253319K->7371K(251392K)] 650685K->404736K(775680K), 0.0452899 secs] [Times: user=0.13 sys=0.00, real=0.04 secs] 
2018-06-16T21:20:19.653+0530: 211712.496: [GC (Allocation Failure) [PSYoungGen: 250059K->7243K(250368K)] 647424K->404608K(774656K), 0.0402872 secs] [Times: user=0.08 sys=0.00, real=0.04 secs] 
2018-06-16T21:20:27.450+0530: 211720.293: [GC (Allocation Failure) [PSYoungGen: 249931K->7307K(250880K)] 647296K->404672K(775168K), 0.0206921 secs] [Times: user=0.02 sys=0.00, real=0.02 secs] 
2018-06-16T21:20:36.027+0530: 211728.870: [GC (Allocation Failure) [PSYoungGen: 247947K->7675K(248320K)] 645312K->405040K(772608K), 0.0452788 secs] [Times: user=0.09 sys=0.00, real=0.05 secs] 
2018-06-16T21:20:41.147+0530: 211733.990: [GC (Allocation Failure) [PSYoungGen: 248315K->7515K(250880K)] 645680K->404880K(775168K), 0.0380557 secs] [Times: user=0.14 sys=0.00, real=0.04 secs] 
2018-06-16T21:20:49.589+0530: 211742.431: [GC (Allocation Failure) [PSYoungGen: 247131K->7531K(247296K)] 644496K->404896K(771584K), 0.0424490 secs] [Times: user=0.08 sys=0.00, real=0.04 secs] 
2018-06-16T21:23:29.103+0530: 211901.946: [GC (Allocation Failure) [PSYoungGen: 247147K->7986K(250368K)] 644512K->405619K(774656K), 0.0228128 secs] [Times: user=0.02 sys=0.00, real=0.02 secs] 
2018-06-16T21:27:52.344+0530: 212165.186: [GC (Allocation Failure) [PSYoungGen: 246578K->6913K(250368K)] 644211K->405831K(774656K), 0.0276102 secs] [Times: user=0.08 sys=0.00, real=0.03 secs] 
2018-06-16T21:29:17.315+0530: 212250.158: [GC (Allocation Failure) [PSYoungGen: 245505K->6848K(249344K)] 644423K->406014K(773632K), 0.0231378 secs] [Times: user=0.08 sys=0.00, real=0.02 secs] 
2018-06-16T21:30:22.699+0530: 212315.541: [GC (Allocation Failure) [PSYoungGen: 245440K->11260K(249856K)] 644606K->411343K(774144K), 0.0242074 secs] [Times: user=0.01 sys=0.00, real=0.02 secs] 
2018-06-16T21:31:04.864+0530: 212357.707: [GC (Allocation Failure) [PSYoungGen: 249852K->10577K(246784K)] 649935K->410925K(771072K), 0.0250114 secs] [Times: user=0.08 sys=0.00, real=0.02 secs] 
2018-06-16T21:32:24.284+0530: 212437.127: [GC (Allocation Failure) [PSYoungGen: 245073K->10181K(244736K)] 645421K->410528K(769024K), 0.0490028 secs] [Times: user=0.19 sys=0.00, real=0.05 secs] 
2018-06-16T21:32:44.561+0530: 212457.403: [GC (Allocation Failure) [PSYoungGen: 244677K->12628K(244736K)] 645024K->413172K(769024K), 0.0250990 secs] [Times: user=0.06 sys=0.00, real=0.02 secs] 
2018-06-16T21:32:45.194+0530: 212458.036: [GC (Allocation Failure) [PSYoungGen: 243028K->12835K(243712K)] 643572K->413483K(768000K), 0.0244186 secs] [Times: user=0.06 sys=0.00, real=0.02 secs] 
2018-06-16T21:34:10.872+0530: 212543.714: [GC (Allocation Failure) [PSYoungGen: 243235K->8445K(246272K)] 643883K->411534K(770560K), 0.0251196 secs] [Times: user=0.06 sys=0.00, real=0.03 secs] 
2018-06-16T21:41:31.182+0530: 212984.025: [GC (Allocation Failure) [PSYoungGen: 237821K->8002K(237568K)] 640910K->411885K(761856K), 0.0259886 secs] [Times: user=0.06 sys=0.00, real=0.03 secs] 
2018-06-16T21:42:58.444+0530: 213071.287: [GC (Allocation Failure) [PSYoungGen: 237378K->7361K(245248K)] 641261K->411268K(769536K), 0.0206553 secs] [Times: user=0.08 sys=0.00, real=0.02 secs] 
2018-06-16T21:45:24.293+0530: 213217.136: [GC (Allocation Failure) [PSYoungGen: 237249K->9525K(244736K)] 641156K->413504K(769024K), 0.0273643 secs] [Times: user=0.08 sys=0.00, real=0.03 secs] 
2018-06-16T21:45:50.003+0530: 213242.846: [GC (Allocation Failure) [PSYoungGen: 239413K->8328K(246784K)] 643392K->412664K(771072K), 0.0220665 secs] [Times: user=0.08 sys=0.00, real=0.02 secs] 
2018-06-16T21:52:24.681+0530: 213637.524: [GC (Allocation Failure) [PSYoungGen: 240776K->8726K(246784K)] 645112K->413094K(771072K), 0.0597741 secs] [Times: user=0.14 sys=0.00, real=0.06 secs] 
2018-06-16T22:07:07.700+0530: 214520.543: [GC (Allocation Failure) [PSYoungGen: 241174K->9205K(247296K)] 645542K->413606K(771584K), 0.0250233 secs] [Times: user=0.06 sys=0.00, real=0.02 secs] 
2018-06-16T22:10:09.787+0530: 214702.630: [GC (Allocation Failure) [PSYoungGen: 243189K->8468K(247296K)] 647590K->413522K(771584K), 0.0240329 secs] [Times: user=0.08 sys=0.00, real=0.02 secs] 
2018-06-17T00:29:34.128+0530: 223066.977: [GC (Allocation Failure) [PSYoungGen: 242452K->9612K(248320K)] 647506K->414998K(772608K), 0.0325830 secs] [Times: user=0.08 sys=0.00, real=0.03 secs] 
2018-06-17T00:29:34.592+0530: 223067.442: [GC (Allocation Failure) [PSYoungGen: 245132K->8700K(248320K)] 650518K->414230K(772608K), 0.0181668 secs] [Times: user=0.06 sys=0.00, real=0.02 secs] 
2018-06-17T13:06:59.698+0530: 268530.298: [GC (Allocation Failure) [PSYoungGen: 244220K->6651K(249344K)] 649750K->415687K(773632K), 0.0261682 secs] [Times: user=0.06 sys=0.00, real=0.03 secs] 
2018-06-17T13:07:00.182+0530: 268530.781: [GC (Allocation Failure) [PSYoungGen: 243195K->5639K(249344K)] 652231K->414675K(773632K), 0.0155636 secs] [Times: user=0.02 sys=0.00, real=0.02 secs] 
2018-06-17T20:02:48.913+0530: 293497.732: [GC (Allocation Failure) [PSYoungGen: 242183K->6836K(248320K)] 651219K->416630K(772608K), 0.0227119 secs] [Times: user=0.08 sys=0.00, real=0.02 secs] 
2018-06-17T20:02:49.429+0530: 293498.248: [GC (Allocation Failure) [PSYoungGen: 243380K->6899K(248832K)] 653174K->416941K(773120K), 0.0191392 secs] [Times: user=0.08 sys=0.00, real=0.02 secs] 
2018-06-17T20:02:50.113+0530: 293498.932: [GC (Allocation Failure) [PSYoungGen: 243443K->6701K(248832K)] 653485K->417047K(773120K), 0.0175000 secs] [Times: user=0.06 sys=0.00, real=0.02 secs] 
2018-06-17T20:02:50.580+0530: 293499.399: [GC (Allocation Failure) [PSYoungGen: 244269K->5288K(249344K)] 654615K->416537K(773632K), 0.0156551 secs] [Times: user=0.06 sys=0.00, real=0.02 secs] 
2018-06-17T20:02:51.156+0530: 293499.975: [GC (Allocation Failure) [PSYoungGen: 242856K->5367K(249856K)] 654105K->417313K(774144K), 0.0147793 secs] [Times: user=0.05 sys=0.00, real=0.02 secs] 
2018-06-17T20:03:44.571+0530: 293553.390: [GC (Allocation Failure) [PSYoungGen: 243447K->2978K(249856K)] 655393K->416371K(774144K), 0.0253000 secs] [Times: user=0.01 sys=0.00, real=0.02 secs] 
2018-06-17T20:04:50.425+0530: 293619.244: [GC (Allocation Failure) [PSYoungGen: 241058K->4217K(249856K)] 654451K->417974K(774144K), 0.0215786 secs] [Times: user=0.08 sys=0.00, real=0.02 secs] 
2018-06-17T20:12:10.257+0530: 294059.076: [GC (Allocation Failure) [PSYoungGen: 241756K->4696K(242688K)] 655513K->419209K(766976K), 0.0288748 secs] [Times: user=0.08 sys=0.00, real=0.03 secs] 
2018-06-17T20:12:22.316+0530: 294071.135: [GC (Allocation Failure) [PSYoungGen: 242264K->3321K(249344K)] 656777K->418012K(773632K), 0.0395987 secs] [Times: user=0.14 sys=0.00, real=0.04 secs] 
2018-06-17T20:12:27.483+0530: 294076.301: [GC (Allocation Failure) [PSYoungGen: 240889K->4128K(249344K)] 655580K->418827K(773632K), 0.0366705 secs] [Times: user=0.08 sys=0.00, real=0.04 secs] 
2018-06-17T20:12:34.310+0530: 294083.129: [GC (Allocation Failure) [PSYoungGen: 241696K->3977K(250368K)] 656395K->418676K(774656K), 0.0303553 secs] [Times: user=0.08 sys=0.00, real=0.03 secs] 
2018-06-17T20:12:48.244+0530: 294097.063: [GC (Allocation Failure) [PSYoungGen: 242569K->3610K(242688K)] 657268K->418309K(766976K), 0.0220409 secs] [Times: user=0.02 sys=0.00, real=0.02 secs] 
2018-06-17T20:12:54.621+0530: 294103.440: [GC (Allocation Failure) [PSYoungGen: 242202K->3627K(249856K)] 656901K->418326K(774144K), 0.0307308 secs] [Times: user=0.06 sys=0.00, real=0.03 secs] 
2018-06-17T20:16:37.630+0530: 294326.449: [GC (Allocation Failure) [PSYoungGen: 242219K->4354K(249856K)] 656918K->419053K(774144K), 0.0217817 secs] [Times: user=0.08 sys=0.00, real=0.02 secs] 
2018-06-17T20:19:52.062+0530: 294520.881: [GC (Allocation Failure) [PSYoungGen: 242946K->4921K(250368K)] 657645K->419620K(774656K), 0.0232208 secs] [Times: user=0.06 sys=0.00, real=0.02 secs] 
2018-06-17T20:31:15.447+0530: 295204.266: [GC (Allocation Failure) [PSYoungGen: 245049K->4813K(250368K)] 659748K->419512K(774656K), 0.0247077 secs] [Times: user=0.06 sys=0.00, real=0.02 secs] 
2018-06-17T20:37:01.426+0530: 295550.245: [GC (Allocation Failure) [PSYoungGen: 244923K->5762K(251392K)] 659622K->420461K(775680K), 0.0267729 secs] [Times: user=0.08 sys=0.00, real=0.03 secs] 
2018-06-17T20:40:44.104+0530: 295772.923: [GC (Allocation Failure) [PSYoungGen: 247426K->4987K(251392K)] 662125K->419755K(775680K), 0.0239777 secs] [Times: user=0.02 sys=0.00, real=0.02 secs] 
2018-06-17T20:52:15.368+0530: 296464.188: [GC (Allocation Failure) [PSYoungGen: 246651K->6012K(251904K)] 661419K->420850K(776192K), 0.0245756 secs] [Times: user=0.02 sys=0.00, real=0.02 secs] 
2018-06-17T21:06:45.110+0530: 297333.929: [GC (Allocation Failure) [PSYoungGen: 248700K->7086K(251904K)] 663538K->421932K(776192K), 0.0233025 secs] [Times: user=0.08 sys=0.00, real=0.02 secs] 
2018-06-17T21:25:12.628+0530: 298441.446: [GC (Allocation Failure) [PSYoungGen: 249774K->7006K(251904K)] 664620K->422256K(776192K), 0.0290018 secs] [Times: user=0.06 sys=0.02, real=0.03 secs] 
2018-06-17T21:40:22.261+0530: 299351.080: [GC (Allocation Failure) [PSYoungGen: 249694K->6133K(252416K)] 664944K->422064K(776704K), 0.0249139 secs] [Times: user=0.05 sys=0.00, real=0.03 secs] 
2018-06-18T08:38:05.137+0530: 338831.720: [GC (Allocation Failure) [PSYoungGen: 248821K->5370K(243200K)] 664752K->421770K(767488K), 0.2337050 secs] [Times: user=0.28 sys=0.00, real=0.23 secs] 
2018-06-18T08:38:08.750+0530: 338835.335: [GC (Allocation Failure) [PSYoungGen: 242938K->5112K(237568K)] 659338K->421969K(761856K), 0.0164044 secs] [Times: user=0.06 sys=0.00, real=0.02 secs] 
2018-06-18T09:50:07.688+0530: 343154.279: [GC (Allocation Failure) [PSYoungGen: 237560K->6758K(235008K)] 654417K->423999K(759296K), 0.0305358 secs] [Times: user=0.08 sys=0.00, real=0.03 secs] 
2018-06-18T09:59:36.752+0530: 343723.344: [GC (Allocation Failure) [PSYoungGen: 234598K->6354K(229888K)] 651839K->423634K(754176K), 0.0553753 secs] [Times: user=0.20 sys=0.00, real=0.06 secs] 
2018-06-18T10:26:51.567+0530: 345358.158: [GC (Allocation Failure) [PSYoungGen: 229586K->5114K(223744K)] 646866K->424408K(748032K), 0.0225690 secs] [Times: user=0.08 sys=0.00, real=0.02 secs] 
2018-06-18T11:25:58.254+0530: 348904.076: [GC (Allocation Failure) [PSYoungGen: 223738K->6391K(220672K)] 643032K->425837K(744960K), 0.0353845 secs] [Times: user=0.08 sys=0.00, real=0.04 secs] 
2018-06-18T11:26:49.157+0530: 348954.787: [GC (Allocation Failure) [PSYoungGen: 220407K->5952K(216064K)] 639853K->425398K(740352K), 0.0467597 secs] [Times: user=0.14 sys=0.00, real=0.05 secs] 
2018-06-18T11:26:54.699+0530: 348960.309: [GC (Allocation Failure) [PSYoungGen: 215872K->6129K(211968K)] 635318K->425687K(736256K), 0.0438859 secs] [Times: user=0.14 sys=0.00, real=0.05 secs] 
2018-06-18T11:27:00.677+0530: 348966.264: [GC (Allocation Failure) [PSYoungGen: 211953K->5615K(220672K)] 631511K->425852K(744960K), 0.0214075 secs] [Times: user=0.02 sys=0.00, real=0.02 secs] 
2018-06-18T11:27:10.186+0530: 348975.736: [GC (Allocation Failure) [PSYoungGen: 220655K->5469K(225280K)] 640892K->425922K(749568K), 0.0384440 secs] [Times: user=0.13 sys=0.00, real=0.04 secs] 
2018-06-18T11:27:18.471+0530: 348983.990: [GC (Allocation Failure) [PSYoungGen: 222045K->5618K(233984K)] 642498K->426071K(758272K), 0.0405656 secs] [Times: user=0.13 sys=0.00, real=0.04 secs] 
2018-06-18T11:29:17.487+0530: 349102.804: [GC (Allocation Failure) [PSYoungGen: 231410K->4914K(233984K)] 651863K->426017K(758272K), 0.0497584 secs] [Times: user=0.19 sys=0.00, real=0.05 secs] 
2018-06-18T11:48:17.125+0530: 350241.949: [GC (Allocation Failure) [PSYoungGen: 230706K->5709K(227328K)] 651809K->427085K(751616K), 0.0303968 secs] [Times: user=0.08 sys=0.00, real=0.03 secs] 
2018-06-18T11:55:43.202+0530: 350688.013: [GC (Allocation Failure) [PSYoungGen: 226889K->5517K(222208K)] 648265K->427165K(746496K), 0.0238657 secs] [Times: user=0.08 sys=0.00, real=0.02 secs] 
2018-06-18T11:59:10.024+0530: 350894.829: [GC (Allocation Failure) [PSYoungGen: 222093K->5101K(217600K)] 643741K->427196K(741888K), 0.0291861 secs] [Times: user=0.03 sys=0.00, real=0.03 secs] 
2018-06-18T12:20:34.901+0530: 352179.687: [GC (Allocation Failure) [PSYoungGen: 217581K->6505K(215040K)] 639676K->428736K(739328K), 0.0268554 secs] [Times: user=0.05 sys=0.00, real=0.03 secs] 
2018-06-18T12:22:47.426+0530: 352312.210: [GC (Allocation Failure) [PSYoungGen: 214889K->4080K(208384K)] 637120K->427661K(732672K), 0.0203906 secs] [Times: user=0.06 sys=0.00, real=0.02 secs] 
2018-06-18T12:25:00.144+0530: 352444.928: [GC (Allocation Failure) [PSYoungGen: 208368K->4348K(204800K)] 631949K->428485K(729088K), 0.0212758 secs] [Times: user=0.05 sys=0.00, real=0.02 secs] 
2018-06-18T12:25:00.469+0530: 352445.253: [GC (Allocation Failure) [PSYoungGen: 204540K->4252K(228864K)] 628677K->428389K(753152K), 0.0151971 secs] [Times: user=0.02 sys=0.00, real=0.01 secs] 
2018-06-18T12:29:41.813+0530: 352726.548: [GC (Allocation Failure) [PSYoungGen: 225948K->3883K(229376K)] 650085K->428869K(753664K), 0.0239897 secs] [Times: user=0.08 sys=0.00, real=0.02 secs] 
2018-06-18T12:40:35.764+0530: 353379.817: [GC (Allocation Failure) [PSYoungGen: 225579K->3755K(245248K)] 650565K->429141K(769536K), 0.0224634 secs] [Times: user=0.02 sys=0.00, real=0.02 secs] 
2018-06-18T13:03:26.064+0530: 354750.013: [GC (Allocation Failure) [PSYoungGen: 244395K->4584K(248320K)] 669781K->429969K(772608K), 0.0258834 secs] [Times: user=0.06 sys=0.02, real=0.03 secs] 
2018-06-18T13:07:14.852+0530: 354978.814: [GC (Allocation Failure) [PSYoungGen: 245224K->5640K(254464K)] 670609K->431097K(778752K), 0.0439535 secs] [Times: user=0.11 sys=0.02, real=0.05 secs] 
2018-06-18T13:07:20.591+0530: 354984.552: [GC (Allocation Failure) [PSYoungGen: 252424K->5271K(254464K)] 677881K->430785K(778752K), 0.0394614 secs] [Times: user=0.08 sys=0.00, real=0.04 secs] 
2018-06-18T13:07:27.594+0530: 354991.556: [GC (Allocation Failure) [PSYoungGen: 252055K->5271K(253440K)] 677569K->430833K(777728K), 0.0364520 secs] [Times: user=0.06 sys=0.00, real=0.04 secs] 
2018-06-18T13:07:33.308+0530: 354997.269: [GC (Allocation Failure) [PSYoungGen: 252055K->5175K(253952K)] 677617K->430820K(778240K), 0.0419319 secs] [Times: user=0.06 sys=0.02, real=0.04 secs] 
2018-06-18T13:07:51.338+0530: 355015.301: [GC (Allocation Failure) [PSYoungGen: 251959K->5191K(254976K)] 677604K->430869K(779264K), 0.0413525 secs] [Times: user=0.08 sys=0.00, real=0.04 secs] 
2018-06-18T13:08:41.433+0530: 355065.397: [GC (Allocation Failure) [PSYoungGen: 252999K->5063K(252928K)] 678677K->431029K(777216K), 0.0223355 secs] [Times: user=0.02 sys=0.00, real=0.02 secs] 
2018-06-18T13:14:00.608+0530: 355384.577: [GC (Allocation Failure) [PSYoungGen: 252871K->6311K(253952K)] 678837K->432717K(778240K), 0.0220007 secs] [Times: user=0.08 sys=0.00, real=0.02 secs] 
2018-06-18T13:14:33.012+0530: 355416.982: [GC (Allocation Failure) [PSYoungGen: 253607K->7165K(249344K)] 680013K->434919K(773632K), 0.0186252 secs] [Times: user=0.06 sys=0.00, real=0.02 secs] 
2018-06-18T13:27:47.458+0530: 356211.416: [GC (Allocation Failure) [PSYoungGen: 249341K->4090K(241152K)] 677095K->437927K(765440K), 0.0248625 secs] [Times: user=0.08 sys=0.00, real=0.03 secs] 
2018-06-18T14:15:39.410+0530: 359083.344: [GC (Allocation Failure) [PSYoungGen: 241146K->5866K(238080K)] 674983K->439783K(762368K), 0.0504294 secs] [Times: user=0.11 sys=0.05, real=0.05 secs] 
2018-06-18T14:32:15.491+0530: 360079.412: [GC (Allocation Failure) [PSYoungGen: 237802K->8409K(236032K)] 671719K->442326K(760320K), 0.0245439 secs] [Times: user=0.06 sys=0.00, real=0.02 secs] 
2018-06-18T14:38:11.606+0530: 360435.522: [GC (Allocation Failure) [PSYoungGen: 235737K->5626K(228352K)] 669654K->439551K(752640K), 0.0500304 secs] [Times: user=0.14 sys=0.00, real=0.05 secs] 
2018-06-18T15:26:48.255+0530: 363352.554: [GC (Allocation Failure) [PSYoungGen: 228346K->5629K(223744K)] 662271K->440476K(748032K), 0.0268306 secs] [Times: user=0.08 sys=0.00, real=0.03 secs] 
2018-06-18T15:28:02.752+0530: 363427.085: [GC (Allocation Failure) [PSYoungGen: 223741K->6524K(220672K)] 658588K->441644K(744960K), 0.0275559 secs] [Times: user=0.08 sys=0.00, real=0.03 secs] 
2018-06-18T15:28:57.848+0530: 363482.205: [GC (Allocation Failure) [PSYoungGen: 220530K->6700K(217088K)] 655650K->441820K(741376K), 0.0255374 secs] [Times: user=0.08 sys=0.00, real=0.03 secs] 
2018-06-18T15:30:45.023+0530: 363589.427: [GC (Allocation Failure) [PSYoungGen: 216620K->6354K(212480K)] 651740K->442562K(736768K), 0.0293760 secs] [Times: user=0.08 sys=0.00, real=0.03 secs] 
2018-06-18T15:31:59.102+0530: 363663.532: [GC (Allocation Failure) [PSYoungGen: 212178K->5106K(206848K)] 648386K->441981K(731136K), 0.0243759 secs] [Times: user=0.02 sys=0.00, real=0.02 secs] 
2018-06-18T15:33:06.459+0530: 363730.900: [GC (Allocation Failure) [PSYoungGen: 206834K->5810K(204288K)] 643709K->442717K(728576K), 0.0306833 secs] [Times: user=0.08 sys=0.00, real=0.03 secs] 
2018-06-18T15:34:20.413+0530: 363804.866: [GC (Allocation Failure) [PSYoungGen: 203954K->5922K(200704K)] 640861K->442829K(724992K), 0.0248630 secs] [Times: user=0.08 sys=0.00, real=0.02 secs] 
2018-06-18T15:35:19.556+0530: 363864.018: [GC (Allocation Failure) [PSYoungGen: 200482K->5986K(197120K)] 637389K->442925K(721408K), 0.0285857 secs] [Times: user=0.08 sys=0.00, real=0.03 secs] 
2018-06-18T15:36:01.613+0530: 363906.083: [GC (Allocation Failure) [PSYoungGen: 196962K->5602K(193024K)] 633901K->443266K(717312K), 0.0245837 secs] [Times: user=0.08 sys=0.00, real=0.03 secs] 
2018-06-18T15:37:02.598+0530: 363967.074: [GC (Allocation Failure) [PSYoungGen: 192994K->5282K(189440K)] 630658K->444146K(713728K), 0.0286734 secs] [Times: user=0.05 sys=0.00, real=0.03 secs] 
2018-06-18T16:01:12.454+0530: 365416.920: [GC (Allocation Failure) [PSYoungGen: 189090K->5618K(186368K)] 627954K->444538K(710656K), 0.0234859 secs] [Times: user=0.06 sys=0.00, real=0.02 secs] 
2018-06-18T16:27:23.332+0530: 366987.773: [GC (Allocation Failure) [PSYoungGen: 186354K->4725K(182784K)] 625274K->444593K(707072K), 0.0285425 secs] [Times: user=0.06 sys=0.00, real=0.03 secs] 
2018-06-18T16:35:40.406+0530: 367484.716: [GC (Allocation Failure) [PSYoungGen: 182389K->4594K(179200K)] 622257K->444462K(703488K), 0.0230497 secs] [Times: user=0.08 sys=0.00, real=0.02 secs] 
2018-06-18T16:41:12.253+0530: 367816.541: [GC (Allocation Failure) [PSYoungGen: 179186K->5356K(177152K)] 619054K->445593K(701440K), 0.0238114 secs] [Times: user=0.08 sys=0.00, real=0.02 secs] 
2018-06-18T16:42:04.298+0530: 367868.586: [GC (Allocation Failure) [PSYoungGen: 176876K->4419K(173056K)] 617113K->444816K(697344K), 0.0230985 secs] [Times: user=0.05 sys=0.00, real=0.02 secs] 
2018-06-18T16:42:42.972+0530: 367907.269: [GC (Allocation Failure) [PSYoungGen: 172867K->4002K(169984K)] 613264K->444849K(694272K), 0.0272121 secs] [Times: user=0.01 sys=0.00, real=0.03 secs] 
2018-06-18T16:43:08.234+0530: 367932.536: [GC (Allocation Failure) [PSYoungGen: 169890K->5362K(168960K)] 610737K->446330K(693248K), 0.0174350 secs] [Times: user=0.02 sys=0.00, real=0.02 secs] 
2018-06-18T16:43:14.545+0530: 367938.848: [GC (Allocation Failure) [PSYoungGen: 168690K->6640K(167424K)] 609658K->447671K(691712K), 0.0189451 secs] [Times: user=0.02 sys=0.00, real=0.02 secs] 
2018-06-18T16:43:18.321+0530: 367942.624: [GC (Allocation Failure) [PSYoungGen: 167408K->3552K(161792K)] 608439K->449549K(686080K), 0.0170617 secs] [Times: user=0.06 sys=0.00, real=0.02 secs] 
2018-06-18T16:43:26.087+0530: 367950.392: [GC (Allocation Failure) [PSYoungGen: 161760K->6546K(162304K)] 607757K->452656K(686592K), 0.0216778 secs] [Times: user=0.08 sys=0.00, real=0.02 secs] 
2018-06-18T16:44:54.066+0530: 368038.390: [GC (Allocation Failure) [PSYoungGen: 162194K->6704K(160256K)] 608304K->452813K(684544K), 0.0234615 secs] [Times: user=0.08 sys=0.00, real=0.02 secs] 
2018-06-18T16:45:49.581+0530: 368093.916: [GC (Allocation Failure) [PSYoungGen: 159781K->7170K(158208K)] 605891K->453327K(682496K), 0.0310909 secs] [Times: user=0.06 sys=0.00, real=0.03 secs] 
2018-06-18T16:47:21.315+0530: 368185.667: [GC (Allocation Failure) [PSYoungGen: 157698K->3072K(151552K)] 603855K->454995K(675840K), 0.0217988 secs] [Times: user=0.08 sys=0.00, real=0.02 secs] 
2018-06-18T16:48:27.152+0530: 368251.509: [GC (Allocation Failure) [PSYoungGen: 151552K->2976K(149504K)] 603475K->455507K(673792K), 0.0196862 secs] [Times: user=0.03 sys=0.00, real=0.02 secs] 
2018-06-18T16:54:57.308+0530: 368641.689: [GC (Allocation Failure) [PSYoungGen: 149408K->5279K(150016K)] 601939K->457810K(674304K), 0.0218489 secs] [Times: user=0.01 sys=0.02, real=0.02 secs] 
2018-06-18T16:55:29.113+0530: 368673.496: [GC (Allocation Failure) [PSYoungGen: 149663K->3889K(146432K)] 602194K->456525K(670720K), 0.0454400 secs] [Times: user=0.14 sys=0.00, real=0.05 secs] 
2018-06-18T16:55:32.868+0530: 368677.251: [GC (Allocation Failure) [PSYoungGen: 146225K->3555K(158208K)] 598861K->456390K(682496K), 0.0396252 secs] [Times: user=0.08 sys=0.01, real=0.04 secs] 
2018-06-18T16:55:36.370+0530: 368680.753: [GC (Allocation Failure) [PSYoungGen: 153571K->3395K(159744K)] 606406K->456382K(684032K), 0.0381664 secs] [Times: user=0.08 sys=0.00, real=0.04 secs] 
2018-06-18T16:55:39.823+0530: 368684.207: [GC (Allocation Failure) [PSYoungGen: 153411K->3267K(170496K)] 606398K->456430K(694784K), 0.0379317 secs] [Times: user=0.08 sys=0.00, real=0.04 secs] 
2018-06-18T16:55:46.729+0530: 368691.112: [GC (Allocation Failure) [PSYoungGen: 164035K->3188K(170496K)] 617198K->456496K(694784K), 0.0372081 secs] [Times: user=0.08 sys=0.00, real=0.04 secs] 
2018-06-18T16:55:53.164+0530: 368697.548: [GC (Allocation Failure) [PSYoungGen: 163956K->3060K(182272K)] 617264K->456408K(706560K), 0.0303147 secs] [Times: user=0.11 sys=0.02, real=0.03 secs] 
2018-06-18T16:55:58.553+0530: 368702.937: [GC (Allocation Failure) [PSYoungGen: 176116K->3060K(182784K)] 629464K->456568K(707072K), 0.0286451 secs] [Times: user=0.08 sys=0.00, real=0.03 secs] 
2018-06-18T16:56:07.621+0530: 368712.005: [GC (Allocation Failure) [PSYoungGen: 176116K->2595K(193536K)] 629624K->456737K(717824K), 0.0319723 secs] [Times: user=0.08 sys=0.00, real=0.03 secs] 
2018-06-18T17:01:55.293+0530: 369059.631: [GC (Allocation Failure) [PSYoungGen: 187939K->2901K(194560K)] 642081K->457219K(718848K), 0.0188168 secs] [Times: user=0.02 sys=0.00, real=0.02 secs] 
2018-06-18T17:13:32.426+0530: 369756.674: [GC (Allocation Failure) [PSYoungGen: 188245K->3232K(185856K)] 642563K->457750K(710144K), 0.0263375 secs] [Times: user=0.02 sys=0.00, real=0.03 secs] 
2018-06-18T17:15:13.844+0530: 369858.088: [GC (Allocation Failure) [PSYoungGen: 185504K->3739K(183296K)] 640022K->458401K(707584K), 0.0219177 secs] [Times: user=0.06 sys=0.00, real=0.02 secs] 
2018-06-18T17:24:38.648+0530: 370422.910: [GC (Allocation Failure) [PSYoungGen: 182939K->4074K(180224K)] 637601K->458873K(704512K), 0.0295838 secs] [Times: user=0.05 sys=0.02, real=0.03 secs] 
2018-06-18T17:36:08.322+0530: 371112.581: [GC (Allocation Failure) [PSYoungGen: 180202K->3715K(177152K)] 635001K->458625K(701440K), 0.0269961 secs] [Times: user=0.06 sys=0.00, real=0.03 secs] 
2018-06-18T17:37:13.155+0530: 371177.413: [GC (Allocation Failure) [PSYoungGen: 176771K->3527K(173568K)] 631681K->458565K(697856K), 0.0180594 secs] [Times: user=0.06 sys=0.00, real=0.02 secs] 
2018-06-18T17:49:14.045+0530: 371898.293: [GC (Allocation Failure) [PSYoungGen: 173511K->5002K(172032K)] 628549K->460185K(696320K), 0.0288457 secs] [Times: user=0.06 sys=0.02, real=0.03 secs] 
2018-06-18T18:02:42.754+0530: 372707.004: [GC (Allocation Failure) [PSYoungGen: 171914K->2912K(167424K)] 627097K->458742K(691712K), 0.0238610 secs] [Times: user=0.02 sys=0.00, real=0.02 secs] 
2018-06-18T18:15:12.496+0530: 373456.743: [GC (Allocation Failure) [PSYoungGen: 167264K->3168K(165376K)] 623094K->459022K(689664K), 0.0217509 secs] [Times: user=0.06 sys=0.00, real=0.02 secs] 
2018-06-19T11:50:04.064+0530: 436765.580: [GC (Allocation Failure) [PSYoungGen: 164960K->3648K(163328K)] 620814K->459502K(687616K), 4.6937901 secs] [Times: user=1.67 sys=0.00, real=4.69 secs] 
2018-06-19T11:50:57.771+0530: 436819.257: [GC (Allocation Failure) [PSYoungGen: 162880K->4081K(160768K)] 618734K->459935K(685056K), 0.0208379 secs] [Times: user=0.08 sys=0.00, real=0.02 secs] 
2018-06-19T11:50:58.112+0530: 436819.596: [GC (Allocation Failure) [PSYoungGen: 160753K->4063K(172544K)] 616607K->460002K(696832K), 0.0155012 secs] [Times: user=0.06 sys=0.00, real=0.02 secs] 
2018-06-19T11:51:22.998+0530: 436844.458: [GC (Allocation Failure) [PSYoungGen: 169951K->5278K(172544K)] 625890K->461297K(696832K), 0.0269084 secs] [Times: user=0.08 sys=0.00, real=0.03 secs] 
2018-06-19T11:56:04.086+0530: 437125.298: [GC (Allocation Failure) [PSYoungGen: 171166K->5450K(185856K)] 627185K->461549K(710144K), 0.0571752 secs] [Times: user=0.17 sys=0.03, real=0.06 secs] 
2018-06-19T12:25:00.316+0530: 438861.379: [GC (Allocation Failure) [PSYoungGen: 185674K->5449K(187392K)] 641773K->461548K(711680K), 0.0237092 secs] [Times: user=0.08 sys=0.00, real=0.02 secs] 
2018-06-19T12:25:00.600+0530: 438861.663: [GC (Allocation Failure) [PSYoungGen: 185673K->4989K(200192K)] 641772K->461224K(724480K), 0.0162261 secs] [Times: user=0.02 sys=0.00, real=0.02 secs] 
2018-06-19T12:56:59.424+0530: 440780.473: [GC (Allocation Failure) [PSYoungGen: 198013K->5788K(200192K)] 654248K->462390K(724480K), 0.0246761 secs] [Times: user=0.08 sys=0.00, real=0.02 secs] 
2018-06-19T12:57:06.070+0530: 440787.119: [GC (Allocation Failure) [PSYoungGen: 198812K->4936K(220672K)] 655414K->461930K(744960K), 0.0447891 secs] [Times: user=0.09 sys=0.00, real=0.04 secs] 
2018-06-19T12:57:11.092+0530: 440792.141: [GC (Allocation Failure) [PSYoungGen: 219976K->4475K(222208K)] 676970K->461766K(746496K), 0.0409329 secs] [Times: user=0.13 sys=0.00, real=0.04 secs] 
2018-06-19T12:57:16.054+0530: 440797.103: [GC (Allocation Failure) [PSYoungGen: 219515K->4024K(243712K)] 676806K->461810K(768000K), 0.0363925 secs] [Times: user=0.08 sys=0.00, real=0.04 secs] 
2018-06-19T12:57:23.388+0530: 440804.436: [GC (Allocation Failure) [PSYoungGen: 241592K->3768K(244736K)] 699378K->461846K(769024K), 0.0406233 secs] [Times: user=0.14 sys=0.00, real=0.04 secs] 
2018-06-19T13:13:43.558+0530: 441784.605: [GC (Allocation Failure) [PSYoungGen: 241336K->5123K(254464K)] 699414K->463564K(778752K), 0.0252658 secs] [Times: user=0.05 sys=0.00, real=0.02 secs] 
2018-06-19T13:16:41.625+0530: 441962.670: [GC (Allocation Failure) [PSYoungGen: 252931K->5188K(254976K)] 711372K->463629K(779264K), 0.0215187 secs] [Times: user=0.06 sys=0.00, real=0.02 secs] 
2018-06-19T13:19:32.614+0530: 442133.656: [GC (Allocation Failure) [PSYoungGen: 252996K->5383K(248320K)] 711437K->463832K(772608K), 0.0235000 secs] [Times: user=0.08 sys=0.00, real=0.02 secs] 
2018-06-19T13:20:12.741+0530: 442173.782: [GC (Allocation Failure) [PSYoungGen: 248071K->5895K(243712K)] 706520K->464345K(768000K), 0.0219750 secs] [Times: user=0.06 sys=0.01, real=0.02 secs] 
2018-06-19T13:25:38.437+0530: 442499.474: [GC (Allocation Failure) [PSYoungGen: 243463K->3055K(235520K)] 701913K->465908K(759808K), 0.0279776 secs] [Times: user=0.11 sys=0.00, real=0.03 secs] 
2018-06-19T13:27:07.649+0530: 442588.684: [GC (Allocation Failure) [PSYoungGen: 235503K->3968K(231936K)] 698356K->467026K(756224K), 0.0219344 secs] [Times: user=0.05 sys=0.00, real=0.02 secs] 
2018-06-19T13:27:49.458+0530: 442630.493: [GC (Allocation Failure) [PSYoungGen: 231808K->4174K(227840K)] 694866K->467232K(752128K), 0.0251957 secs] [Times: user=0.02 sys=0.00, real=0.03 secs] 
2018-06-19T13:29:25.749+0530: 442726.783: [GC (Allocation Failure) [PSYoungGen: 227406K->4270K(223232K)] 690464K->467376K(747520K), 0.0280977 secs] [Times: user=0.08 sys=0.00, real=0.03 secs] 
2018-06-19T13:38:12.589+0530: 443253.627: [GC (Allocation Failure) [PSYoungGen: 222894K->4221K(218624K)] 686000K->467438K(742912K), 0.0218382 secs] [Times: user=0.08 sys=0.00, real=0.02 secs] 
2018-06-19T14:44:03.853+0530: 447204.712: [GC (Allocation Failure) [PSYoungGen: 218237K->4910K(215040K)] 681454K->468160K(739328K), 0.0267977 secs] [Times: user=0.03 sys=0.00, real=0.03 secs] 
2018-06-19T15:15:53.479+0530: 449114.324: [GC (Allocation Failure) [PSYoungGen: 214830K->5533K(211456K)] 678080K->468942K(735744K), 0.0469736 secs] [Times: user=0.13 sys=0.00, real=0.05 secs] 
2018-06-19T16:06:49.782+0530: 452170.608: [GC (Allocation Failure) [PSYoungGen: 211357K->6506K(208384K)] 674766K->470012K(732672K), 0.0315134 secs] [Times: user=0.08 sys=0.00, real=0.03 secs] 
2018-06-19T16:39:46.278+0530: 454147.086: [GC (Allocation Failure) [PSYoungGen: 208218K->2528K(200704K)] 671724K->471363K(724992K), 0.0302762 secs] [Times: user=0.08 sys=0.00, real=0.03 secs] 
2018-06-19T16:43:10.705+0530: 454351.514: [GC (Allocation Failure) [PSYoungGen: 200672K->4126K(199168K)] 669507K->472986K(723456K), 0.0255096 secs] [Times: user=0.08 sys=0.00, real=0.03 secs] 
2018-06-19T16:59:47.193+0530: 455347.993: [GC (Allocation Failure) [PSYoungGen: 198686K->4496K(195584K)] 667546K->473356K(719872K), 0.0280165 secs] [Times: user=0.05 sys=0.00, real=0.03 secs] 
2018-06-19T17:03:12.336+0530: 455553.135: [GC (Allocation Failure) [PSYoungGen: 195472K->4641K(192512K)] 664332K->473845K(716800K), 0.0211655 secs] [Times: user=0.05 sys=0.00, real=0.02 secs] 
2018-06-19T18:02:18.694+0530: 459100.117: [GC (Allocation Failure) [PSYoungGen: 192033K->5407K(189440K)] 661237K->474667K(713728K), 0.0311858 secs] [Times: user=0.08 sys=0.00, real=0.03 secs] 
2018-06-19T18:06:49.710+0530: 459371.145: [GC (Allocation Failure) [PSYoungGen: 189215K->5698K(186880K)] 658475K->475006K(711168K), 0.0478173 secs] [Times: user=0.05 sys=0.00, real=0.05 secs] 
2018-06-19T18:09:48.927+0530: 459550.366: [GC (Allocation Failure) [PSYoungGen: 186434K->4096K(181760K)] 655742K->475122K(706048K), 0.0303126 secs] [Times: user=0.08 sys=0.00, real=0.03 secs] 
2018-06-19T18:12:35.396+0530: 459716.836: [GC (Allocation Failure) [PSYoungGen: 181760K->5111K(179712K)] 652786K->476250K(704000K), 0.0259274 secs] [Times: user=0.08 sys=0.00, real=0.03 secs] 
2018-06-19T20:24:03.100+0530: 467604.545: [GC (Allocation Failure) [PSYoungGen: 179703K->4862K(176640K)] 650842K->476001K(700928K), 0.0224882 secs] [Times: user=0.08 sys=0.00, real=0.02 secs] 
2018-06-20T10:51:33.441+0530: 519672.362: [GC (Allocation Failure) [PSYoungGen: 176382K->5631K(174080K)] 647521K->476833K(698368K), 0.0208883 secs] [Times: user=0.01 sys=0.00, real=0.02 secs] 
2018-06-20T10:51:33.706+0530: 519672.628: [GC (Allocation Failure) [PSYoungGen: 174079K->5110K(195584K)] 645281K->476754K(719872K), 0.0184687 secs] [Times: user=0.01 sys=0.00, real=0.02 secs] 
